
> nacelle@1.0.5 test:browser:chromium
> BNH_BROWSER=chromium npm --prefix dev/adapters/playwright run test:browser


> test:browser
> node tests/run-browser-tests.mjs


Running 374 tests using 1 worker

(node:813035) Warning: The 'NO_COLOR' env is ignored due to the 'FORCE_COLOR' env being set.
(Use `node --trace-warnings ...` to show where the warning was created)
  ✓    1 [chromium] › tests/adapter-env.spec.mjs:6:1 › passes the Node test global-check setting into browser process.env (464ms)
  ✓    2 [chromium] › tests/als-extent-proof.spec.mjs:76:1 › keeps ALS store across awaited and fire-and-forget run extents (458ms)
  ✓    3 [chromium] › tests/als-fastpath-proof.spec.mjs:38:1 › keeps ALS store for eval-defined native async fn awaiting native fn promise (456ms)
  ✓    4 [chromium] › tests/als-fastpath-proof.spec.mjs:46:1 › keeps ALS store for webpack-style escaped eval module strings (450ms)
  ✓    5 [chromium] › tests/als-messageport-proof.spec.mjs:7:3 › browser runtime ALS message port propagation › preserves ALS store across MessageChannel postMessage delivery (447ms)
  ✓    6 [chromium] › tests/als-promise-pressure.spec.mjs:7:3 › browser runtime ALS promise pressure › keeps the ALS store alive across a long await chain (33.4s)
  ✓    7 [chromium] › tests/als-scheduling-proof.spec.mjs:58:1 › ALS store survives request-entry scheduling through npm->shell->node nesting (530ms)
  ✓    8 [chromium] › tests/als-write-scope-proof.spec.mjs:7:3 › browser runtime ALS stream write scope › preserves ALS store for write callbacks queued behind an in-flight write (451ms)
  ✓    9 [chromium] › tests/assert-compat.spec.mjs:7:3 › Node assert v22 compatibility › assert.equal treats NaN values as equal (435ms)
  ✓   10 [chromium] › tests/assert-compat.spec.mjs:16:3 › Node assert v22 compatibility › loads the assert/strict builtin alias (430ms)
  ✓   11 [chromium] › tests/assert-compat.spec.mjs:28:3 › Node assert v22 compatibility › assert.throws matches an Error constructor (414ms)
  ✓   12 [chromium] › tests/assert-compat.spec.mjs:41:3 › Node assert v22 compatibility › assert.throws matches an error predicate (428ms)
  ✓   13 [chromium] › tests/assert-compat.spec.mjs:54:3 › Node assert v22 compatibility › assert.throws matches an error message with a RegExp (422ms)
  ✓   14 [chromium] › tests/assert-compat.spec.mjs:66:3 › Node assert v22 compatibility › assert.throws matches assertion error fields (425ms)
  ✓   15 [chromium] › tests/assert-compat.spec.mjs:88:3 › Node assert v22 compatibility › assert.partialDeepStrictEqual matches a nested subset (421ms)
  ✓   16 [chromium] › tests/assert-compat.spec.mjs:104:3 › Node assert v22 compatibility › assert.partialDeepStrictEqual reports the Node operator and preserves exports (416ms)
  ✓   17 [chromium] › tests/async-primitives.spec.mjs:7:3 › browser runtime async primitives › preserves AsyncLocalStorage through queued promise work (442ms)
  ✓   18 [chromium] › tests/async-primitives.spec.mjs:78:3 › browser runtime async primitives › preserves AsyncLocalStorage through an ESM queue boundary (419ms)
  ✓   19 [chromium] › tests/async-primitives.spec.mjs:132:3 › browser runtime async primitives › does not report a rejection handled through queued Promise.all work (491ms)
  ✓   20 [chromium] › tests/async-primitives.spec.mjs:216:3 › browser runtime async primitives › does not report the published p-locate ESM rejection path (471ms)
  ✓   21 [chromium] › tests/async-primitives.spec.mjs:307:3 › browser runtime async primitives › delivers unhandled rejections to the process handler before setImmediate (414ms)
  ✓   22 [chromium] › tests/async-primitives.spec.mjs:331:3 › browser runtime async primitives › delivers later rejection handling to the process handler (628ms)
  ✓   23 [chromium] › tests/async-primitives.spec.mjs:364:3 › browser runtime async primitives › preserves process, timer, microtask, and environment behavior (408ms)
  ✓   24 [chromium] › tests/async-primitives.spec.mjs:389:3 › browser runtime async primitives › matches execution resources across browser-native fs.readFile stages (415ms)
  ✓   25 [chromium] › tests/async-primitives.spec.mjs:438:3 › browser runtime async primitives › implements EventEmitter listener ordering, once, off, and errors (413ms)
  ✓   26 [chromium] › tests/async-primitives.spec.mjs:459:3 › browser runtime async primitives › supports stream backpressure, transform, async iteration, and errors (408ms)
  ✓   27 [chromium] › tests/async-primitives.spec.mjs:496:3 › browser runtime async primitives › supports legacy Transform.call constructors (418ms)
  ✓   28 [chromium] › tests/async-primitives.spec.mjs:528:3 › browser runtime async primitives › preserves matching-decoder string chunks across surrogate boundaries (405ms)
  ✓   29 [chromium] › tests/async-primitives.spec.mjs:555:3 › browser runtime async primitives › string_decoder preserves a leading UTF-8 BOM (404ms)
  ✓   30 [chromium] › tests/async-primitives.spec.mjs:569:3 › browser runtime async primitives › supports worker communication, message channels, and transferable ownership (602ms)
  ✓   31 [chromium] › tests/async-primitives.spec.mjs:613:3 › browser runtime async primitives › runs a virtual worker when its entrypoint is a file URL (611ms)
  ✓   32 [chromium] › tests/bridge-runtime.spec.mjs:8:3 › browser runtime bridge and core primitives › exits worker Promise callbacks without reporting the private exit signal (411ms)
  ✓   33 [chromium] › tests/bridge-runtime.spec.mjs:21:3 › browser runtime bridge and core primitives › keeps native Web Crypto jobs alive through key generation and export (421ms)
  ✓   34 [chromium] › tests/bridge-runtime.spec.mjs:37:3 › browser runtime bridge and core primitives › resets, mounts, spawns, and captures stdout and stderr in the browser (423ms)
  ✓   35 [chromium] › tests/bridge-runtime.spec.mjs:56:3 › browser runtime bridge and core primitives › keeps observable Promise catch callbacks on the child console (411ms)
  ✓   36 [chromium] › tests/bridge-runtime.spec.mjs:83:3 › browser runtime bridge and core primitives › preserves yargs-style async rejection output through util.format (620ms)
  ✓   37 [chromium] › tests/bridge-runtime.spec.mjs:178:3 › browser runtime bridge and core primitives › does not fail a process for a caught yargs-style async command rejection (459ms)
  ✓   38 [chromium] › tests/bridge-runtime.spec.mjs:224:3 › browser runtime bridge and core primitives › isolates syntax errors from asynchronous node -e children (422ms)
  ✓   39 [chromium] › tests/bridge-runtime.spec.mjs:244:3 › browser runtime bridge and core primitives › completes inherited-stdio shebang children after their nested child closes (436ms)
  ✓   40 [chromium] › tests/bridge-runtime.spec.mjs:282:3 › browser runtime bridge and core primitives › keeps async CommonJS children alive while awaiting nested inherited-stdio children (824ms)
  ✓   41 [chromium] › tests/bridge-runtime.spec.mjs:334:3 › browser runtime bridge and core primitives › routes async CommonJS npm lifecycle shebangs through the child boundary (816ms)
  ✓   42 [chromium] › tests/bridge-runtime.spec.mjs:392:3 › browser runtime bridge and core primitives › releases sequential async CommonJS child workers before the next child starts (797ms)
  ✓   43 [chromium] › tests/bridge-runtime.spec.mjs:437:3 › browser runtime bridge and core primitives › completes an execa-style inherited-stdio async CommonJS launcher (794ms)
  ✓   44 [chromium] › tests/bridge-runtime.spec.mjs:494:3 › browser runtime bridge and core primitives › keeps nested ESM child lifecycles isolated from their ESM parent (625ms)
  ✓   45 [chromium] › tests/bridge-runtime.spec.mjs:538:3 › browser runtime bridge and core primitives › completes a nested async CommonJS filesystem walk (4.3s)
  ✓   46 [chromium] › tests/bridge-runtime.spec.mjs:579:3 › browser runtime bridge and core primitives › isolates async CommonJS code behind an npm .bin symlink (809ms)
  ✓   47 [chromium] › tests/bridge-runtime.spec.mjs:637:3 › browser runtime bridge and core primitives › completes a CommonJS .bin chain owned by a nested ESM process (3.4s)
  ✓   48 [chromium] › tests/bridge-runtime.spec.mjs:748:3 › browser runtime bridge and core primitives › completes nested filesystem walks scheduled by setImmediate (628ms)
  ✓   49 [chromium] › tests/bridge-runtime.spec.mjs:789:3 › browser runtime bridge and core primitives › provides max-listener controls on process stdio streams (408ms)
  ✓   50 [chromium] › tests/bridge-runtime.spec.mjs:803:3 › browser runtime bridge and core primitives › matches util inspect defaults and vm sandbox assignment ownership (453ms)
  ✓   51 [chromium] › tests/bridge-runtime.spec.mjs:828:3 › browser runtime bridge and core primitives › does not expose ESM global overlay bindings (423ms)
  ✓   52 [chromium] › tests/bridge-runtime.spec.mjs:858:3 › browser runtime bridge and core primitives › provides V8 caller file names to synchronous Node resolver callers (435ms)
  ✓   53 [chromium] › tests/bridge-runtime.spec.mjs:911:3 › browser runtime bridge and core primitives › initializes module global paths in virtual child processes (440ms)
  ✓   54 [chromium] › tests/bridge-runtime.spec.mjs:954:3 › browser runtime bridge and core primitives › resolves trailing-slash packages through virtual symlinks (413ms)
  ✓   55 [chromium] › tests/bridge-runtime.spec.mjs:975:3 › browser runtime bridge and core primitives › resolves trailing-slash packages through virtual symlinks in child processes (432ms)
  ✓   56 [chromium] › tests/bridge-runtime.spec.mjs:1014:3 › browser runtime bridge and core primitives › isolates global sentinels between same-realm child processes (447ms)
  ✓   57 [chromium] › tests/bridge-runtime.spec.mjs:1059:3 › browser runtime bridge and core primitives › keeps a passing legacy stream harness at exit code zero (436ms)
  ✓   58 [chromium] › tests/bridge-runtime.spec.mjs:1153:3 › browser runtime bridge and core primitives › keeps the readable queue independent from a legacy _buffer field (417ms)
  ✓   59 [chromium] › tests/bridge-runtime.spec.mjs:1178:3 › browser runtime bridge and core primitives › does not keep the parent alive for detached unref children (1.5s)
  ✓   60 [chromium] › tests/bridge-runtime.spec.mjs:1192:3 › browser runtime bridge and core primitives › preserves Node events.on argument tuples for async iteration (421ms)
  ✓   61 [chromium] › tests/bridge-runtime.spec.mjs:1222:3 › browser runtime bridge and core primitives › drains buffered object-mode transforms through stream.on async iteration (434ms)
  ✓   62 [chromium] › tests/bridge-runtime.spec.mjs:1265:3 › browser runtime bridge and core primitives › keeps Buffer arrays and assert predicates Node-compatible (410ms)
  ✓   63 [chromium] › tests/bridge-runtime.spec.mjs:1280:3 › browser runtime bridge and core primitives › compiles ordinary CommonJS object exports from a package module (422ms)
  ✓   64 [chromium] › tests/bridge-runtime.spec.mjs:1307:3 › browser runtime bridge and core primitives › resolves extensionless Node script arguments through standard file probes (428ms)
  ✓   65 [chromium] › tests/bridge-runtime.spec.mjs:1334:3 › browser runtime bridge and core primitives › loads CommonJS package entrypoints from Node child scripts (445ms)
  ✓   66 [chromium] › tests/bridge-runtime.spec.mjs:1374:3 › browser runtime bridge and core primitives › exposes the complete Buffer global to CommonJS child dependencies (457ms)
  ✓   67 [chromium] › tests/bridge-runtime.spec.mjs:1457:3 › browser runtime bridge and core primitives › shares the Node global identity between CommonJS and ESM children (446ms)
  ✓   68 [chromium] › tests/bridge-runtime.spec.mjs:1493:3 › browser runtime bridge and core primitives › exposes process-bound fs overlays as ESM named exports (413ms)
  ✓   69 [chromium] › tests/bridge-runtime.spec.mjs:1509:3 › browser runtime bridge and core primitives › keeps recursive fs directory traversal in Node order (420ms)
  ✓   70 [chromium] › tests/bridge-runtime.spec.mjs:1533:3 › browser runtime bridge and core primitives › loads ESM command modules through synchronous createRequire (421ms)
  ✓   71 [chromium] › tests/bridge-runtime.spec.mjs:1558:3 › browser runtime bridge and core primitives › preserves the ESM createRequire importer when it loads another ESM module (429ms)
  ✓   72 [chromium] › tests/bridge-runtime.spec.mjs:1586:3 › browser runtime bridge and core primitives › keeps native ESM process and Error identities through deferred callbacks (436ms)
  ✓   73 [chromium] › tests/bridge-runtime.spec.mjs:1618:3 › browser runtime bridge and core primitives › preserves the native ESM createRequire importer across a deferred load (434ms)
  ✓   74 [chromium] › tests/bridge-runtime.spec.mjs:1651:3 › browser runtime bridge and core primitives › maps native ESM caller callsites back to VFS filenames (441ms)
  ✓   75 [chromium] › tests/bridge-runtime.spec.mjs:1693:3 › browser runtime bridge and core primitives › maps CJS get-caller-file through the native ESM command-dir call path (440ms)
  ✓   76 [chromium] › tests/bridge-runtime.spec.mjs:1739:3 › browser runtime bridge and core primitives › preserves CommonJS identity across import and require (434ms)
  ✓   77 [chromium] › tests/bridge-runtime.spec.mjs:1762:3 › browser runtime bridge and core primitives › preserves CommonJS identity across child import and require (630ms)
  ✓   78 [chromium] › tests/bridge-runtime.spec.mjs:1799:3 › browser runtime bridge and core primitives › strips TypeScript from child entrypoints before CommonJS compilation (439ms)
  ✓   79 [chromium] › tests/bridge-runtime.spec.mjs:1826:3 › browser runtime bridge and core primitives › resolves PATH commands in nested child-process launches (458ms)
  ✓   80 [chromium] › tests/bridge-runtime.spec.mjs:1878:3 › browser runtime bridge and core primitives › exposes synchronous Node KeyObjects for browser crypto callers (463ms)
  ✓   81 [chromium] › tests/bridge-runtime.spec.mjs:1919:3 › browser runtime bridge and core primitives › initializes legacy function-inherited Readable receivers in place (424ms)
  ✓   82 [chromium] › tests/bridge-runtime.spec.mjs:1952:3 › browser runtime bridge and core primitives › marks a legacy callable ServerResponse ended before its finish event (414ms)
  ✓   83 [chromium] › tests/bridge-runtime.spec.mjs:1973:3 › browser runtime bridge and core primitives › settles a response thenable after a legacy stream terminal sequence (424ms)
  ✓   84 [chromium] › tests/bridge-runtime.spec.mjs:2022:3 › browser runtime bridge and core primitives › finished accepts legacy Stream instances and waits for the requested side (419ms)
  ✓   85 [chromium] › tests/bridge-runtime.spec.mjs:2056:3 › browser runtime bridge and core primitives › serializes ordinary Map values through the v8 structured clone contract (422ms)
  ✓   86 [chromium] › tests/bridge-runtime.spec.mjs:2071:3 › browser runtime bridge and core primitives › keeps response sent state visible through socket-backed stream completion (423ms)
  ✓   87 [chromium] › tests/bridge-runtime.spec.mjs:2130:3 › browser runtime bridge and core primitives › marks a response writableEnded at end call despite a pending write (422ms)
  ✓   88 [chromium] › tests/bridge-runtime.spec.mjs:2168:3 › browser runtime bridge and core primitives › generates synchronously encoded RSA key pairs through the browser crypto contract (431ms)
  ✓   89 [chromium] › tests/bridge-runtime.spec.mjs:2188:3 › browser runtime bridge and core primitives › reports browser output as non-TTY while preserving tty window APIs (414ms)
  ✓   90 [chromium] › tests/bridge-runtime.spec.mjs:2204:3 › browser runtime bridge and core primitives › loads test-assert.js-style CommonJS modules that declare process locally (416ms)
  ✓   91 [chromium] › tests/bridge-runtime.spec.mjs:2231:3 › browser runtime bridge and core primitives › propagates process.exitCode assignments to the bridge result (410ms)
  ✓   92 [chromium] › tests/bridge-runtime.spec.mjs:2238:3 › browser runtime bridge and core primitives › routes process.nextTick exceptions through the owning process emitter (416ms)
  ✓   93 [chromium] › tests/bridge-runtime.spec.mjs:2261:3 › browser runtime bridge and core primitives › does not keep a process alive for an unresolved Promise continuation (417ms)
  ✓   94 [chromium] › tests/bridge-runtime.spec.mjs:2272:3 › browser runtime bridge and core primitives › does not keep a nested virtual child alive for an unresolved Promise (423ms)
  ✓   95 [chromium] › tests/bridge-runtime.spec.mjs:2298:3 › browser runtime bridge and core primitives › runs npm scripts when Node launches the npm entrypoint (429ms)
  ✓   96 [chromium] › tests/bridge-runtime.spec.mjs:2336:3 › browser runtime bridge and core primitives › runs npm scripts when a package shell launches Node with the npm entrypoint (429ms)
  ✓   97 [chromium] › tests/bridge-runtime.spec.mjs:2378:3 › browser runtime bridge and core primitives › splits shell-enabled spawn command strings into the program and argv (430ms)
  ✓   98 [chromium] › tests/bridge-runtime.spec.mjs:2408:3 › browser runtime bridge and core primitives › publishes ESM pretest writes before the following npm test script (816ms)
  ✓   99 [chromium] › tests/bridge-runtime.spec.mjs:2458:3 › browser runtime bridge and core primitives › runs an npm install prepublish hook for the package being installed (440ms)
  ✓  100 [chromium] › tests/bridge-runtime.spec.mjs:2494:3 › browser runtime bridge and core primitives › accepts a browser ReadableStream as fs.promises.writeFile input (413ms)
  ✓  101 [chromium] › tests/bridge-runtime.spec.mjs:2512:3 › browser runtime bridge and core primitives › runs file-based npm scripts from a nested package cwd (434ms)
  ✓  102 [chromium] › tests/bridge-runtime.spec.mjs:2551:3 › browser runtime bridge and core primitives › runs bare node test discovery from an npm lifecycle child (636ms)
  ✓  103 [chromium] › tests/bridge-runtime.spec.mjs:2594:3 › browser runtime bridge and core primitives › runs nested package-manager lifecycle scripts through a Node child (435ms)
  ✓  104 [chromium] › tests/bridge-runtime.spec.mjs:2636:3 › browser runtime bridge and core primitives › runs pnpm regex script selectors through a Node child (448ms)
  ✓  105 [chromium] › tests/bridge-runtime.spec.mjs:2680:3 › browser runtime bridge and core primitives › runs pnpm shorthand package scripts through a Node child (430ms)
  ✓  106 [chromium] › tests/bridge-runtime.spec.mjs:2722:3 › browser runtime bridge and core primitives › routes a direct pnpm child through the virtual package-manager lifecycle (429ms)
  ✓  107 [chromium] › tests/bridge-runtime.spec.mjs:2761:3 › browser runtime bridge and core primitives › serves synchronous npm show metadata from the active virtual install (429ms)
  ✓  108 [chromium] › tests/bridge-runtime.spec.mjs:2787:3 › browser runtime bridge and core primitives › materializes a synchronous pnpm lockfile in the active virtual cwd (409ms)
  ✓  109 [chromium] › tests/bridge-runtime.spec.mjs:2815:3 › browser runtime bridge and core primitives › updates a synchronous npm lockfile through the active virtual cwd (413ms)
  ✓  110 [chromium] › tests/bridge-runtime.spec.mjs:2853:3 › browser runtime bridge and core primitives › keeps synchronous npm lockfile updates across sequential virtual cwds (414ms)
  ✓  111 [chromium] › tests/bridge-runtime.spec.mjs:2896:3 › browser runtime bridge and core primitives › canonicalizes redundant leading slashes in file URL imports (411ms)
  ✓  112 [chromium] › tests/bridge-runtime.spec.mjs:2917:3 › browser runtime bridge and core primitives › returns file Dirents from fs promises glob with withFileTypes (406ms)
  ✓  113 [chromium] › tests/bridge-runtime.spec.mjs:2944:3 › browser runtime bridge and core primitives › falls back to WASM for Brotli transform streams (434ms)
  ✓  114 [chromium] › tests/bridge-runtime.spec.mjs:2972:3 › browser runtime bridge and core primitives › preserves named exports after comments in ESM export lists (430ms)
  ✓  115 [chromium] › tests/bridge-runtime.spec.mjs:3007:3 › browser runtime bridge and core primitives › preserves live bindings through an ESM cycle (427ms)
  ✓  116 [chromium] › tests/bridge-runtime.spec.mjs:3056:3 › browser runtime bridge and core primitives › does not treat Node test coverage option values as test files (655ms)
  ✓  117 [chromium] › tests/bridge-runtime.spec.mjs:3102:3 › browser runtime bridge and core primitives › preserves Node exec promise stdout and stderr fields (490ms)
  ✓  118 [chromium] › tests/bridge-runtime.spec.mjs:3134:3 › browser runtime bridge and core primitives › preserves nanoid large and negative size errors (422ms)
  ✓  119 [chromium] › tests/bridge-runtime.spec.mjs:3206:3 › browser runtime bridge and core primitives › keeps typed-array buffer intrinsics callable through the guest Uint8Array (412ms)
  ✓  120 [chromium] › tests/bridge-runtime.spec.mjs:3224:3 › browser runtime bridge and core primitives › keeps TextEncoder output compatible with the guest Uint8Array (418ms)
  ✓  121 [chromium] › tests/bridge-runtime.spec.mjs:3236:3 › browser runtime bridge and core primitives › exposes the available native module registry through process.binding (405ms)
  ✓  122 [chromium] › tests/bridge-runtime.spec.mjs:3260:3 › browser runtime bridge and core primitives › provides callable Node CallSite methods to stack formatters (416ms)
  ✓  123 [chromium] › tests/bridge-runtime.spec.mjs:3289:3 › browser runtime bridge and core primitives › preserves callsites-style Error.prepareStackTrace wrappers (414ms)
  ✓  124 [chromium] › tests/bridge-runtime.spec.mjs:3310:3 › browser runtime bridge and core primitives › preserves messages in captured Error stacks for ESM children (626ms)
  ✓  125 [chromium] › tests/bridge-runtime.spec.mjs:3353:3 › browser runtime bridge and core primitives › returns virtual filenames from structured ESM callsites (611ms)
  ✓  126 [chromium] › tests/bridge-runtime.spec.mjs:3398:3 › browser runtime bridge and core primitives › inherits the package cwd for asynchronous nested npm scripts (431ms)
  ✓  127 [chromium] › tests/bridge-runtime.spec.mjs:3445:3 › browser runtime bridge and core primitives › runs bare node test discovery in a child process (604ms)
  ✓  128 [chromium] › tests/bridge-runtime.spec.mjs:3481:3 › browser runtime bridge and core primitives › expands explicit node test glob arguments from an npm lifecycle child (609ms)
  ✓  129 [chromium] › tests/bridge-runtime.spec.mjs:3528:3 › browser runtime bridge and core primitives › provides a POSIX process table to child tooling (412ms)
  ✓  130 [chromium] › tests/bridge-runtime.spec.mjs:3555:3 › browser runtime bridge and core primitives › forwards package-script output before a nonzero child close (435ms)
  ✓  131 [chromium] › tests/bridge-runtime.spec.mjs:3591:3 › browser runtime bridge and core primitives › forwards output and status through a package-manager child entrypoint (436ms)
  ✓  132 [chromium] › tests/bridge-runtime.spec.mjs:3632:3 › browser runtime bridge and core primitives › forwards nested package-script resolution errors through child stderr (422ms)
  ✓  133 [chromium] › tests/bridge-runtime.spec.mjs:3667:3 › browser runtime bridge and core primitives › forwards nested Node launch errors through package-manager stderr (426ms)
  ✓  134 [chromium] › tests/bridge-runtime.spec.mjs:3700:3 › browser runtime bridge and core primitives › preserves nested package-script output when its Node child exits nonzero (433ms)
  ✓  135 [chromium] › tests/bridge-runtime.spec.mjs:3747:3 › browser runtime bridge and core primitives › forwards async package-script output and exit status after Promise completion (429ms)
  ✓  136 [chromium] › tests/bridge-runtime.spec.mjs:3790:3 › browser runtime bridge and core primitives › preserves nested template boundaries while transforming async CommonJS children (615ms)
  ✓  137 [chromium] › tests/bridge-runtime.spec.mjs:3830:3 › browser runtime bridge and core primitives › preserves async function expression calls while transforming awaits (409ms)
  ✓  138 [chromium] › tests/bridge-runtime.spec.mjs:3843:3 › browser runtime bridge and core primitives › leaves for-await loops in async generators intact while transforming callers (405ms)
  ✓  139 [chromium] › tests/bridge-runtime.spec.mjs:3863:3 › browser runtime bridge and core primitives › forwards nested output before a package-manager child exits nonzero (432ms)
  ✓  140 [chromium] › tests/bridge-runtime.spec.mjs:3907:3 › browser runtime bridge and core primitives › preserves piped child output and stream listener semantics (430ms)
  ✓  141 [chromium] › tests/bridge-runtime.spec.mjs:3948:3 › browser runtime bridge and core primitives › preserves encoded child stdout through close (426ms)
  ✓  142 [chromium] › tests/bridge-runtime.spec.mjs:3977:3 › browser runtime bridge and core primitives › preserves output from a relative shebang child through close (424ms)
  ✓  143 [chromium] › tests/bridge-runtime.spec.mjs:4006:3 › browser runtime bridge and core primitives › preserves relative shebang output when the child requires an ESM helper (434ms)
  ✓  144 [chromium] › tests/bridge-runtime.spec.mjs:4043:3 › browser runtime bridge and core primitives › runs ESM Node files from npm package scripts through the ESM lifecycle (603ms)
  ✓  145 [chromium] › tests/bridge-runtime.spec.mjs:4083:3 › browser runtime bridge and core primitives › routes a direct .bin/node ESM script through the native child lifecycle (598ms)
  ✓  146 [chromium] › tests/bridge-runtime.spec.mjs:4118:3 › browser runtime bridge and core primitives › supports source files and command substitution in npm scripts (417ms)
  ✓  147 [chromium] › tests/bridge-runtime.spec.mjs:4154:3 › browser runtime bridge and core primitives › runs a parameterized POSIX build script through npm in the browser (431ms)
  ✓  148 [chromium] › tests/bridge-runtime.spec.mjs:4217:3 › browser runtime bridge and core primitives › runs an ESM node:test reporter launcher through an npm script (613ms)
  ✓  149 [chromium] › tests/bridge-runtime.spec.mjs:4265:3 › browser runtime bridge and core primitives › settles a same-realm node:test child after its entry is loaded (436ms)
  ✓  150 [chromium] › tests/bridge-runtime.spec.mjs:4298:3 › browser runtime bridge and core primitives › propagates CommonJS-installed globals into imported ESM child files (864ms)
  ✓  151 [chromium] › tests/bridge-runtime.spec.mjs:4342:3 › browser runtime bridge and core primitives › discovers the package root test file when node:test has no script argument (610ms)
  ✓  152 [chromium] › tests/bridge-runtime.spec.mjs:4373:3 › browser runtime bridge and core primitives › preserves npm dispatch when Node is resolved by name (424ms)
  ✓  153 [chromium] › tests/bridge-runtime.spec.mjs:4406:3 › browser runtime bridge and core primitives › keeps CommonJS async module imports in the child process context (410ms)
  ✓  154 [chromium] › tests/bridge-runtime.spec.mjs:4428:3 › browser runtime bridge and core primitives › waits for async dynamic imports in shebang children (614ms)
  ✓  155 [chromium] › tests/bridge-runtime.spec.mjs:4465:3 › browser runtime bridge and core primitives › executes an ESM shebang launcher with its terminal result (609ms)
  ✓  156 [chromium] › tests/bridge-runtime.spec.mjs:4501:3 › browser runtime bridge and core primitives › preserves resolver result shape in a virtual child process (430ms)
  ✓  157 [chromium] › tests/bridge-runtime.spec.mjs:4529:3 › browser runtime bridge and core primitives › executes shebang scripts from the virtual filesystem (423ms)
  ✓  158 [chromium] › tests/bridge-runtime.spec.mjs:4557:3 › browser runtime bridge and core primitives › realpaths directly executed .bin symlinks for require.main.filename (428ms)
  ✓  159 [chromium] › tests/bridge-runtime.spec.mjs:4599:3 › browser runtime bridge and core primitives › uses the target as main for browser-generated npm .bin shims (420ms)
  ✓  160 [chromium] › tests/bridge-runtime.spec.mjs:4644:3 › browser runtime bridge and core primitives › runs ESM package bins from npm-style launcher files (623ms)
  ✓  161 [chromium] › tests/bridge-runtime.spec.mjs:4674:3 › browser runtime bridge and core primitives › keeps an ESM launcher alive through an asynchronous dynamic import (615ms)
  ✓  162 [chromium] › tests/bridge-runtime.spec.mjs:4704:3 › browser runtime bridge and core primitives › rewrites awaited private-field access in CommonJS async methods (432ms)
  ✓  163 [chromium] › tests/bridge-runtime.spec.mjs:4744:3 › browser runtime bridge and core primitives › preserves option-looking shebang script arguments after the script path (420ms)
  ✓  164 [chromium] › tests/bridge-runtime.spec.mjs:4768:3 › browser runtime bridge and core primitives › waits for shebang child processes and propagates their output and status (619ms)
  ✓  165 [chromium] › tests/bridge-runtime.spec.mjs:4804:3 › browser runtime bridge and core primitives › forwards output and status through npm scripts that launch shebang children (631ms)
  ✓  166 [chromium] › tests/bridge-runtime.spec.mjs:4848:3 › browser runtime bridge and core primitives › preserves async ESM launcher output through npm package scripts (646ms)
  ✓  167 [chromium] › tests/bridge-runtime.spec.mjs:4899:3 › browser runtime bridge and core primitives › waits for asynchronous inherited-stdio children before closing (616ms)
  ✓  168 [chromium] › tests/bridge-runtime.spec.mjs:4938:3 › browser runtime bridge and core primitives › runs required preloads in inherited execPath children before forwarding exit (621ms)
  ✓  169 [chromium] › tests/bridge-runtime.spec.mjs:4973:3 › browser runtime bridge and core primitives › runs the upstream worker abort-on-uncaught-exception case (631ms)
  ✓  170 [chromium] › tests/bridge-runtime.spec.mjs:5013:3 › browser runtime bridge and core primitives › uses the mounted virtual filesystem rather than the host filesystem (415ms)
  ✓  171 [chromium] › tests/bridge-runtime.spec.mjs:5035:3 › browser runtime bridge and core primitives › publishes filesystem writes from an isolated ESM child before close (626ms)
  ✓  172 [chromium] › tests/bridge-runtime.spec.mjs:5067:3 › browser runtime bridge and core primitives › publishes filesystem writes through nested ESM children before close (630ms)
  ✓  173 [chromium] › tests/bridge-runtime.spec.mjs:5107:3 › browser runtime bridge and core primitives › publishes filesystem writes from synchronous grandchildren before close (822ms)
  ✓  174 [chromium] › tests/bridge-runtime.spec.mjs:5144:3 › browser runtime bridge and core primitives › publishes synchronous-grandchild writes from a top-level-await ESM child (817ms)
  ✓  175 [chromium] › tests/bridge-runtime.spec.mjs:5182:3 › browser runtime bridge and core primitives › routes process-bound fs.writeSync stdio descriptors to the owning streams (418ms)
  ✓  176 [chromium] › tests/bridge-runtime.spec.mjs:5194:3 › browser runtime bridge and core primitives › runs an extensionless tsgo-wasm launcher from a synchronous TLA child (1.1s)
  ✓  177 [chromium] › tests/bridge-runtime.spec.mjs:5241:3 › browser runtime bridge and core primitives › honors an intercepted global process in dynamic ESM modules (430ms)
  ✓  178 [chromium] › tests/bridge-runtime.spec.mjs:5284:3 › browser runtime bridge and core primitives › publishes synchronous-grandchild writes before explicit process exit (651ms)
  ✓  179 [chromium] › tests/bridge-runtime.spec.mjs:5322:3 › browser runtime bridge and core primitives › publishes relative build-tree writes from an ESM child cwd before close (614ms)
  ✓  180 [chromium] › tests/bridge-runtime.spec.mjs:5356:3 › browser runtime bridge and core primitives › publishes hard-linked build trees from an ESM child before close (623ms)
  ✓  181 [chromium] › tests/bridge-runtime.spec.mjs:5391:3 › browser runtime bridge and core primitives › resolves relative paths from each virtual process cwd (439ms)
  ✓  182 [chromium] › tests/bridge-runtime.spec.mjs:5426:3 › browser runtime bridge and core primitives › keeps a child path module bound after its wrapper yields (441ms)
  ✓  183 [chromium] › tests/bridge-runtime.spec.mjs:5462:3 › browser runtime bridge and core primitives › resolves relative filesystem paths from each virtual process cwd (428ms)
  ✓  184 [chromium] › tests/bridge-runtime.spec.mjs:5500:3 › browser runtime bridge and core primitives › uses browser fetch and transport objects without a host socket (423ms)
  ✓  185 [chromium] › tests/bridge-runtime.spec.mjs:5522:3 › browser runtime bridge and core primitives › forwards returned npm child output when no stream callback delivered bytes (3ms)
  ✓  186 [chromium] › tests/bridge-runtime.spec.mjs:5539:3 › browser runtime bridge and core primitives › keeps user process fields from colliding with child output diagnostics (448ms)
  ✓  187 [chromium] › tests/bridge-runtime.spec.mjs:5569:3 › browser runtime bridge and core primitives › keeps process streams usable when Array.prototype.push is replaced (422ms)
  ✓  188 [chromium] › tests/bridge-runtime.spec.mjs:5588:3 › browser runtime bridge and core primitives › restores intrinsic mutations made by same-realm child processes (441ms)
  ✓  189 [chromium] › tests/bridge-runtime.spec.mjs:5630:3 › browser runtime bridge and core primitives › preserves enumerable EventEmitter methods for legacy multi-inheritance (426ms)
  ✓  190 [chromium] › tests/bridge-runtime.spec.mjs:5653:3 › browser runtime bridge and core primitives › kills a timed-out child through the bridge lifecycle (276ms)
  ✓  191 [chromium] › tests/bridge-runtime.spec.mjs:5664:3 › browser runtime bridge and core primitives › settles cluster workers before the primary exit event returns (420ms)
  ✓  192 [chromium] › tests/bridge-runtime.spec.mjs:5694:3 › browser runtime bridge and core primitives › awaits cancelled execution cleanup before child.kill returns (222ms)
  ✓  193 [chromium] › tests/bridge-runtime.spec.mjs:5717:3 › browser runtime bridge and core primitives › inherits the owning worker network for a same-realm nested child (453ms)
  ✓  194 [chromium] › tests/esm-loader.spec.mjs:7:1 › preserves the node: prefix for builtin module identity (5ms)
  ✓  195 [chromium] › tests/esm-loader.spec.mjs:22:3 › browser ESM loader › does not rewrite module-runner member imports (412ms)
  ✓  196 [chromium] › tests/esm-loader.spec.mjs:34:3 › browser ESM loader › runs a mounted mjs entry with VFS-relative modules and builtins (682ms)
  ✓  197 [chromium] › tests/esm-loader.spec.mjs:62:3 › browser ESM loader › updates an ESM diagnostics polyfill from a mocked builtin (698ms)
  ✓  198 [chromium] › tests/esm-loader.spec.mjs:125:3 › browser ESM loader › provides a Node-shaped virtual URL when a package receives bare import.meta (425ms)
  ✓  199 [chromium] › tests/esm-loader.spec.mjs:145:3 › browser ESM loader › maps generated Blob paths through node:url back to their VFS source path (424ms)
  ✓  200 [chromium] › tests/esm-loader.spec.mjs:161:3 › browser ESM loader › keeps file URL queries as distinct ESM module identities (698ms)
  ✓  201 [chromium] › tests/esm-loader.spec.mjs:183:3 › browser ESM loader › keeps query identity on transitive ESM dependencies (702ms)
  ✓  202 [chromium] › tests/esm-loader.spec.mjs:218:3 › browser ESM loader › allows a clock mock to replace the global performance clock (674ms)
  ✓  203 [chromium] › tests/esm-loader.spec.mjs:241:3 › browser ESM loader › keeps promise reactions asynchronous after abort (426ms)
  ✓  204 [chromium] › tests/esm-loader.spec.mjs:263:3 › browser ESM loader › keeps chained promise reactions usable after abort (414ms)
  ✓  205 [chromium] › tests/esm-loader.spec.mjs:279:3 › browser ESM loader › keeps rejected abort chains awaitable after eviction (420ms)
  ✓  206 [chromium] › tests/esm-loader.spec.mjs:297:3 › browser ESM loader › keeps query identity on transitive ESM dependencies with sync hooks (696ms)
  ✓  207 [chromium] › tests/esm-loader.spec.mjs:331:3 › browser ESM loader › inherits tapmock identity when a sync hook returns a bare child URL (703ms)
  ✓  208 [chromium] › tests/esm-loader.spec.mjs:365:3 › browser ESM loader › resolves createRequire from a generated blob module back to its VFS path (420ms)
  ✓  209 [chromium] › tests/esm-loader.spec.mjs:384:3 › browser ESM loader › prepares unawaited dynamic imports in request order (685ms)
  ✓  210 [chromium] › tests/esm-loader.spec.mjs:404:3 › browser ESM loader › lets unawaited entry work settle before beforeExit (416ms)
  ✓  211 [chromium] › tests/esm-loader.spec.mjs:424:3 › browser ESM loader › keeps an ESM runner continuation alive after dynamic import (670ms)
  ✓  212 [chromium] › tests/esm-loader.spec.mjs:455:3 › browser ESM loader › keeps captured fs promises alive for an unawaited ESM runner (663ms)
  ✓  213 [chromium] › tests/esm-loader.spec.mjs:485:3 › browser ESM loader › keeps synchronously resolved promise walkers alive for an unawaited ESM runner (668ms)
  ✓  214 [chromium] › tests/esm-loader.spec.mjs:513:3 › browser ESM loader › keeps nested async walker continuations alive for an unawaited ESM runner (665ms)
  ✓  215 [chromium] › tests/esm-loader.spec.mjs:555:3 › browser ESM loader › keeps captured callback filesystem walkers alive for an unawaited ESM runner (678ms)
  ✓  216 [chromium] › tests/esm-loader.spec.mjs:609:3 › browser ESM loader › keeps a large batch of unawaited walker continuations alive (693ms)
  ✓  217 [chromium] › tests/esm-loader.spec.mjs:630:3 › browser ESM loader › provides structured capture stacks to V8-compatible consumers (442ms)
  ✓  218 [chromium] › tests/esm-loader.spec.mjs:683:3 › browser ESM loader › supports CallSite-compatible custom stack formatters (412ms)
  ✓  219 [chromium] › tests/esm-loader.spec.mjs:708:3 › browser ESM loader › preserves structured capture stacks in nested ESM node processes (427ms)
  ✓  220 [chromium] › tests/esm-loader.spec.mjs:742:3 › browser ESM loader › preserves structured capture stacks in asynchronously spawned ESM processes (607ms)
  ✓  221 [chromium] › tests/esm-loader.spec.mjs:789:3 › browser ESM loader › preserves structured capture stacks in IPC-backed ESM processes (611ms)
  ✓  222 [chromium] › tests/esm-loader.spec.mjs:836:3 › browser ESM loader › exposes the default export of a JSON ESM import (417ms)
  ✓  223 [chromium] › tests/esm-loader.spec.mjs:853:3 › browser ESM loader › resolves dynamic imports of builtin modules inside ESM (665ms)
  ✓  224 [chromium] › tests/esm-loader.spec.mjs:864:3 › browser ESM loader › does not rewrite import call text inside string literals (661ms)
  ✓  225 [chromium] › tests/esm-loader.spec.mjs:881:3 › browser ESM loader › routes global ESM console errors to the child stderr stream (398ms)
  ✓  226 [chromium] › tests/esm-loader.spec.mjs:892:3 › browser ESM loader › routes deferred eval imports from an ESM module through the virtual loader (414ms)
  ✓  227 [chromium] › tests/esm-loader.spec.mjs:908:3 › browser ESM loader › rewrites minified static imports with no whitespace around from (406ms)
  ✓  228 [chromium] › tests/esm-loader.spec.mjs:924:3 › browser ESM loader › rewrites minified static imports after a closing brace (405ms)
  ✓  229 [chromium] › tests/esm-loader.spec.mjs:940:3 › browser ESM loader › rewrites minified imports in a package-scoped .js ESM module (416ms)
  ✓  230 [chromium] › tests/esm-loader.spec.mjs:957:3 › browser ESM loader › preserves conditional package imports and ESM named exports (419ms)
  ✓  231 [chromium] › tests/esm-loader.spec.mjs:986:3 › browser ESM loader › exposes named exports re-exported through a conditional package entry (420ms)
  ✓  232 [chromium] › tests/esm-loader.spec.mjs:1015:3 › browser ESM loader › rewrites imports after nested template literals in ESM dependencies (419ms)
  ✓  233 [chromium] › tests/esm-loader.spec.mjs:1045:3 › browser ESM loader › rewrites imports after regex literals following line comments (429ms)
  ✓  234 [chromium] › tests/esm-loader.spec.mjs:1072:3 › browser ESM loader › exposes named exports forwarded by a CommonJS __exportStar helper (416ms)
  ✓  235 [chromium] › tests/esm-loader.spec.mjs:1108:3 › browser ESM loader › exposes named exports from nested CommonJS __exportStar chains (415ms)
  ✓  236 [chromium] › tests/esm-loader.spec.mjs:1147:3 › browser ESM loader › exposes TSESTree from the TypeScript ESLint CommonJS build shape (427ms)
  ✓  237 [chromium] › tests/esm-loader.spec.mjs:1218:3 › browser ESM loader › keeps export-star names available through an ESM cycle (421ms)
  ✓  238 [chromium] › tests/esm-loader.spec.mjs:1250:3 › browser ESM loader › preserves named exports through dynamic conditional ESM imports (658ms)
  ✓  239 [chromium] › tests/esm-loader.spec.mjs:1291:3 › browser ESM loader › runs a forked unknown-extension entry through an async module.register loader hook (622ms)
  ✓  240 [chromium] › tests/esm-loader.spec.mjs:1359:3 › browser ESM loader › passes raw ESM hook source with Node Buffer string semantics (668ms)
  ✓  241 [chromium] › tests/esm-loader.spec.mjs:1394:3 › browser ESM loader › lets an async resolve hook map a missing JavaScript spelling to a source file (676ms)
  ✓  242 [chromium] › tests/esm-loader.spec.mjs:1437:3 › browser ESM loader › loads a cyclic ESM graph without deadlocking URL materialization (448ms)
  ✓  243 [chromium] › tests/esm-loader.spec.mjs:1454:3 › browser ESM loader › loads hashbang ESM and exposes events.once as a named export (402ms)
DIRECT FETCH RESULT: {
  status: 200,
  text: '\n' +
    '              <!DOCTYPE html>\n' +
    '              <html>\n' +
    '                <head><title>Express in Browser</title></head>\n' +
    '                <body>\n' +
    '                  <h1 id="greeting">Hello from Browser Express!</h1>\n' +
    '                  <p id="status">Running in browser-native Node.js</p>\n' +
    '                  <a href="/__vhost__/3000/api/info?linktest=1">View JSON API</a>\n' +
    '                </body>\n' +
    '              </html>\n' +
    '            ',
  headers: {
    'access-control-allow-origin': '*',
    'access-control-expose-headers': '*',
    'cache-control': 'no-store',
    'content-type': 'text/html; charset=utf-8',
    'cross-origin-embedder-policy': 'require-corp',
    'cross-origin-opener-policy': 'same-origin',
    'cross-origin-resource-policy': 'cross-origin',
    'x-powered-by': 'Browser-Express'
  }
}
HOT EVAL RESULT: { hotOut: '', hotErr: '', hasExpress: true }
HOT RELOAD DIRECT FETCH: {
  status: 200,
  text: '<h1 id="greeting">Live Hot-Reloaded Express!</h1>'
}
  ✓  244 [chromium] › tests/express-iframe.spec.mjs:81:1 › Real Browser Test: NPM Install Express & Live Iframe Rendering › installs Express into browser VFS, runs HTTP server, and renders in live iframe (910ms)
  ✓  245 [chromium] › tests/http-compat.spec.mjs:24:3 › browser-native http compatibility › keeps data payload bytes stable when URL query parameters change (424ms)
  ✓  246 [chromium] › tests/http-compat.spec.mjs:34:3 › browser-native http compatibility › supports request/get lifecycle, response metadata, readable bodies, and async iteration (427ms)
  ✓  247 [chromium] › tests/http-compat.spec.mjs:77:3 › browser-native http compatibility › drains concurrent streamed request bodies and resumable responses (444ms)
  ✓  248 [chromium] › tests/http-compat.spec.mjs:122:3 › browser-native http compatibility › routes streamed local HTTP requests through the virtual server before proxy env (424ms)
  ✓  249 [chromium] › tests/http-compat.spec.mjs:178:3 › browser-native http compatibility › flushes implicit headers before a final body on raw net sockets (425ms)
  ✓  250 [chromium] › tests/http-compat.spec.mjs:214:3 › browser-native http compatibility › keeps pipelined raw HTTP requests on a reusable connection (420ms)
  ✓  251 [chromium] › tests/http-compat.spec.mjs:253:3 › browser-native http compatibility › routes IPv6 loopback fetches to the virtual HTTP server (417ms)
  ✓  252 [chromium] › tests/http-compat.spec.mjs:274:3 › browser-native http compatibility › uses Node socket port errors for invalid HTTP listen ports (409ms)
  ✓  253 [chromium] › tests/http-compat.spec.mjs:286:3 › browser-native http compatibility › rejects a missing HTTP/1.1 Host header before dispatching the request (422ms)
  ✓  254 [chromium] › tests/http-compat.spec.mjs:317:3 › browser-native http compatibility › preserves numeric fetch status and streamed response bodies (420ms)
  ✓  255 [chromium] › tests/http-compat.spec.mjs:352:3 › browser-native http compatibility › preserves status when a piped stream writes after the route returns (433ms)
  ✓  256 [chromium] › tests/http-compat.spec.mjs:383:3 › browser-native http compatibility › destroys the response socket before starting a replacement request (456ms)
  ✓  257 [chromium] › tests/http-compat.spec.mjs:435:3 › browser-native http compatibility › preserves status for an object-mode transform piped as a response (438ms)
  ✓  258 [chromium] › tests/http-compat.spec.mjs:469:3 › browser-native http compatibility › preserves status for a buffered legacy stream piped as a response (432ms)
  ✓  259 [chromium] › tests/http-compat.spec.mjs:546:3 › browser-native http compatibility › preserves status when finished observes a legacy stream send lifecycle (425ms)
  ✓  260 [chromium] › tests/http-compat.spec.mjs:625:3 › browser-native http compatibility › propagates AbortSignal cancellation and exposes virtual server boundaries (407ms)
  ✓  261 [chromium] › tests/http-compat.spec.mjs:649:3 › browser-native http compatibility › maps request timeout to abortable fetch cancellation (934ms)
  ✓  262 [chromium] › tests/http-compat.spec.mjs:676:3 › browser-native http compatibility › aborting an async piped response permits a replacement request (468ms)
  ✓  263 [chromium] › tests/missing-primitives.spec.mjs:23:3 › browser runtime missing primitive contracts › loads node:console and writes through Console (418ms)
  ✓  264 [chromium] › tests/missing-primitives.spec.mjs:35:3 › browser runtime missing primitive contracts › loads node:constants with standard OS constants (419ms)
  ✓  265 [chromium] › tests/missing-primitives.spec.mjs:45:3 › browser runtime missing primitive contracts › round-trips values with node:querystring (435ms)
  ✓  266 [chromium] › tests/missing-primitives.spec.mjs:58:3 › browser runtime missing primitive contracts › decodes split UTF-8 code points with node:string_decoder (413ms)
  ✓  267 [chromium] › tests/missing-primitives.spec.mjs:69:3 › browser runtime missing primitive contracts › provides WHATWG streams through node:stream/web (412ms)
  ✓  268 [chromium] › tests/missing-primitives.spec.mjs:96:3 › browser runtime missing primitive contracts › consumes Node streams through node:stream/consumers (422ms)
  ✓  269 [chromium] › tests/missing-primitives.spec.mjs:107:3 › browser runtime missing primitive contracts › exposes predicates through node:util/types (413ms)
  ✓  270 [chromium] › tests/missing-primitives.spec.mjs:125:3 › browser runtime missing primitive contracts › supports fs access for mounted virtual files (408ms)
  ✓  271 [chromium] › tests/missing-primitives.spec.mjs:139:3 › browser runtime missing primitive contracts › copies mounted virtual files with fs copyFile (406ms)
  ✓  272 [chromium] › tests/missing-primitives.spec.mjs:154:3 › browser runtime missing primitive contracts › resolves mounted virtual files with fs realpath (423ms)
  ✓  273 [chromium] › tests/missing-primitives.spec.mjs:167:3 › browser runtime missing primitive contracts › completes parallel callback fs realpath operations exactly once (464ms)
  ✓  274 [chromium] › tests/missing-primitives.spec.mjs:198:3 › browser runtime missing primitive contracts › does not re-enter callback when an async fs callback throws (408ms)
  ✓  275 [chromium] › tests/missing-primitives.spec.mjs:219:3 › browser runtime missing primitive contracts › truncates mounted virtual files with fs truncate (417ms)
  ✓  276 [chromium] › tests/missing-primitives.spec.mjs:233:3 › browser runtime missing primitive contracts › streams virtual filesystem watch events through async iteration (414ms)
  ✓  277 [chromium] › tests/missing-primitives.spec.mjs:252:3 › browser runtime missing primitive contracts › combines AbortSignal.timeout and AbortSignal.any (411ms)
  ✓  278 [chromium] › tests/missing-primitives.spec.mjs:269:3 › browser runtime missing primitive contracts › keeps an AbortSignal.any timeout race alive and preserves its reason (517ms)
  ✓  279 [chromium] › tests/missing-primitives.spec.mjs:285:3 › browser runtime missing primitive contracts › does not keep the browser process alive for an unobserved timeout signal (398ms)
  ✓  280 [chromium] › tests/missing-primitives.spec.mjs:294:3 › browser runtime missing primitive contracts › cancels timers/promises setTimeout with an AbortSignal (412ms)
  ✓  281 [chromium] › tests/missing-primitives.spec.mjs:307:3 › browser runtime missing primitive contracts › uses Web Crypto through Node-shaped derivation, AES, and signing helpers (420ms)
  ✓  282 [chromium] › tests/nextjs-demo.spec.mjs:94:3 › Next.js 16 App Router browser demo › loads Next.js demo and executes App Router SSR, client navigation, and API routes (4.4m)
  ✓  283 [chromium] › tests/nextjs-swc-selection.spec.mjs:78:3 › Next.js SWC package selection › sequential worker commands retain stdout and stderr after exit and kill (925ms)
  ✓  284 [chromium] › tests/nextjs-swc-selection.spec.mjs:116:3 › Next.js SWC package selection › Next.js file tracing follows local imports and package dependencies (3.6s)
  ✓  285 [chromium] › tests/nextjs-swc-selection.spec.mjs:140:3 › Next.js SWC package selection › stock Next.js 16 checks WebContainer before loading native SWC (30.5s)
  ✓  286 [chromium] › tests/nextjs-swc-selection.spec.mjs:338:3 › Next.js SWC package selection › runtime npm downloads remain visible to an existing worker thread (6.3s)
  ✓  287 [chromium] › tests/nextjs-swc-selection.spec.mjs:431:3 › Next.js SWC package selection › runtime npm downloads remain visible to a package-script child process (6.0s)
  ✓  288 [chromium] › tests/nextjs-swc-selection.spec.mjs:482:3 › Next.js SWC package selection › runtime npm downloads remain visible to an IPC fork child process (6.2s)
  ✓  289 [chromium] › tests/nextjs-swc-selection.spec.mjs:555:3 › Next.js SWC package selection › fetched Web Streams complete through a VFS WriteStream (2.7s)
  ✓  290 [chromium] › tests/nextjs-swc-selection.spec.mjs:623:3 › Next.js SWC package selection › Next.js Watchpack completes its initial VFS scan (3.1s)
  ✓  291 [chromium] › tests/nextjs-swc-selection.spec.mjs:686:3 › Next.js SWC package selection › isolated worker observes parent VFS writes through fs.watch (492ms)
  ✓  292 [chromium] › tests/nextjs-swc-selection.spec.mjs:733:3 › Next.js SWC package selection › Next.js Watchpack observes a parent VFS file change (4.0s)
  ✓  293 [chromium] › tests/nextjs-swc-selection.spec.mjs:791:3 › Next.js SWC package selection › isolated worker exposes Buffer.byteLength to nested modules (490ms)
  ✓  294 [chromium] › tests/nextjs-swc-selection.spec.mjs:819:3 › Next.js SWC package selection › Next.js 16 dev app route matcher discovers the root page from VFS (3.3s)
  ✓  295 [chromium] › tests/nextjs-swc-selection.spec.mjs:867:3 › Next.js SWC package selection › manifest installs expose TypeScript exactly as Next resolves it (3.5s)
  ✓  296 [chromium] › tests/nextjs-swc-selection.spec.mjs:940:3 › Next.js SWC package selection › stock React DOM renderer preserves request storage while streaming (3.4s)
  ✓  297 [chromium] › tests/nextjs-swc-selection.spec.mjs:1041:3 › Next.js SWC package selection › stock React DOM stream closes a native Web Stream writable (3.3s)
  ✓  298 [chromium] › tests/nextjs-swc-selection.spec.mjs:1089:3 › Next.js SWC package selection › virtual-host previews route WebSocket upgrades through the worker virtual network (537ms)
  ✓  299 [chromium] › tests/nextjs-swc-selection.spec.mjs:1141:3 › Next.js SWC package selection › worker-isolated HTTP servers share the parent virtual network (492ms)
  ✓  300 [chromium] › tests/nextjs-swc-selection.spec.mjs:1188:3 › Next.js SWC package selection › Web Stream responses complete through the virtual HTTP server (484ms)
  ✓  301 [chromium] › tests/nextjs-swc-selection.spec.mjs:1235:3 › Next.js SWC package selection › settles a shell-backed npm process when its worker is cancelled (458ms)
  ✓  302 [chromium] › tests/node-test-loader-boundaries.spec.mjs:7:3 › Node test loader host-only boundaries › loads test-assert.js without traversing common/child_process.js (444ms)
  ✓  303 [chromium] › tests/node-test-loader-boundaries.spec.mjs:58:3 › Node test loader host-only boundaries › turns subprocess and raw-network calls into explicit browser boundary errors (446ms)
  ✓  304 [chromium] › tests/node-test.spec.mjs:7:3 › browser-native node:test builtin › runs a synchronous passing test (424ms)
  ✓  305 [chromium] › tests/node-test.spec.mjs:20:3 › browser-native node:test builtin › supports configuring node:test snapshot hooks (426ms)
  ✓  306 [chromium] › tests/node-test.spec.mjs:33:3 › browser-native node:test builtin › preserves literal backticks in node:test snapshots (426ms)
  ✓  307 [chromium] › tests/node-test.spec.mjs:49:3 › browser-native node:test builtin › sets exitCode and writes stderr for a synchronous assertion failure (417ms)
  ✓  308 [chromium] › tests/node-test.spec.mjs:64:3 › browser-native node:test builtin › waits for an asynchronous test to complete (417ms)
  ✓  309 [chromium] › tests/node-test.spec.mjs:80:3 › browser-native node:test builtin › preserves the standard async function constructor identity (418ms)
  ✓  310 [chromium] › tests/node-test.spec.mjs:91:3 › browser-native node:test builtin › keeps process stdout writable when a reporter pipes into it (417ms)
  ✓  311 [chromium] › tests/node-test.spec.mjs:101:3 › browser-native node:test builtin › does not execute skipped or todo test callbacks (426ms)
  ✓  312 [chromium] › tests/node-test.spec.mjs:117:3 › browser-native node:test builtin › waits for suite hooks registered during the suite definition (422ms)
  ✓  313 [chromium] › tests/node-test.spec.mjs:135:3 › browser-native node:test builtin › run loads test files and emits the standard test stream events (432ms)
  ✓  314 [chromium] › tests/node-test.spec.mjs:191:3 › browser-native node:test builtin › enforces the node:test run timeout and closes its result stream (452ms)
  ✓  315 [chromium] › tests/node-test.spec.mjs:230:3 › browser-native node:test builtin › pipes an async-generator node:test reporter into process stdout (433ms)
  ✓  316 [chromium] › tests/node-test.spec.mjs:262:3 › browser-native node:test builtin › completes an async-generator composition after an object stream terminal (430ms)
  ✓  317 [chromium] › tests/node-test.spec.mjs:291:3 › browser-native node:test builtin › observes a Web Stream with finished without stealing its reader (420ms)
  ✓  318 [chromium] › tests/node-test.spec.mjs:324:3 › browser-native node:test builtin › preserves non-consuming finished semantics in a nested Node child (617ms)
  ✓  319 [chromium] › tests/node-test.spec.mjs:369:3 › browser-native node:test builtin › shares node:test state across an ESM runner and imported ESM test files (431ms)
  ✓  320 [chromium] › tests/node-test.spec.mjs:407:3 › browser-native node:test builtin › preserves generic runner discovery state through a child terminal result (419ms)
  ✓  321 [chromium] › tests/node-test.spec.mjs:431:3 › browser-native node:test builtin › runs root hooks when an ESM runner discovers a CommonJS test file (430ms)
  ✓  322 [chromium] › tests/node-test.spec.mjs:462:3 › browser-native node:test builtin › runs asynchronous CommonJS root hooks through a required helper module (434ms)
  ✓  323 [chromium] › tests/node-test.spec.mjs:500:3 › browser-native node:test builtin › waits for all discovered files before running registered tests (431ms)
  ✓  324 [chromium] › tests/node-test.spec.mjs:536:3 › browser-native node:test builtin › isolates root hooks between files discovered by node:test.run (424ms)
  ✓  325 [chromium] › tests/npm-install.spec.mjs:10:3 › In-Browser TAR & NPM Package Management › packTar and unpackTar handles files, directories and path prefixes (3ms)
  ✓  326 [chromium] › tests/npm-install.spec.mjs:34:3 › In-Browser TAR & NPM Package Management › packTarGz and unpackTarGz compresses and decompresses archive (10ms)
  ✓  327 [chromium] › tests/npm-install.spec.mjs:49:3 › In-Browser TAR & NPM Package Management › pipeline accepts writable streams without Node stream state (4ms)
  ✓  328 [chromium] › tests/npm-install.spec.mjs:64:3 › In-Browser TAR & NPM Package Management › VFS accepts numeric open flags used by fs-minipass and tar (4ms)
  ✓  329 [chromium] › tests/npm-install.spec.mjs:72:3 › In-Browser TAR & NPM Package Management › VFS enforces chmod write permissions on existing files (30ms)
  ✓  330 [chromium] › tests/npm-install.spec.mjs:81:3 › In-Browser TAR & NPM Package Management › VFS opens read-only directories for fd metadata consumers (2ms)
  ✓  331 [chromium] › tests/npm-install.spec.mjs:89:3 › In-Browser TAR & NPM Package Management › semver utilities parse and match version specs (7ms)
  ✓  332 [chromium] › tests/npm-install.spec.mjs:108:3 › In-Browser TAR & NPM Package Management › BrowserNpm requests scoped registry metadata with an unescaped scope separator (2ms)
  ✓  333 [chromium] › tests/npm-install.spec.mjs:130:3 › In-Browser TAR & NPM Package Management › fetches the complete version manifest after compact registry metadata (2ms)
  ✓  334 [chromium] › tests/npm-install.spec.mjs:173:3 › In-Browser TAR & NPM Package Management › BrowserNpm resolves npm aliases using the target metadata while preserving the alias location (10ms)
  ✓  335 [chromium] › tests/npm-install.spec.mjs:227:3 › In-Browser TAR & NPM Package Management › uses the package-root manifest when an installed tarball contains nested manifests (4ms)
  ✓  336 [chromium] › tests/npm-install.spec.mjs:282:3 › In-Browser TAR & NPM Package Management › BrowserNpm installs packages into VFS and module-loader requires them (9ms)
  ✓  337 [chromium] › tests/npm-install.spec.mjs:350:3 › In-Browser TAR & NPM Package Management › BrowserNpm launches an installed ESM bin through its generated shim (18ms)
  ✓  338 [chromium] › tests/npm-install.spec.mjs:394:3 › In-Browser TAR & NPM Package Management › module-loader preserves named exports from an installed ESM package (6ms)
  ✓  339 [chromium] › tests/npm-install.spec.mjs:433:3 › In-Browser TAR & NPM Package Management › creates ESM-compatible shims for ESM package bin entries (3ms)
  ✓  340 [chromium] › tests/npm-install.spec.mjs:466:3 › In-Browser TAR & NPM Package Management › installs peer dependencies and exposes their bin shims (5ms)
  ✓  341 [chromium] › tests/npm-install.spec.mjs:517:3 › In-Browser TAR & NPM Package Management › does not auto-install optional peer dependencies (4ms)
  ✓  342 [chromium] › tests/npm-install.spec.mjs:568:3 › In-Browser TAR & NPM Package Management › installs browser-compatible wasm32 optional dependencies (5ms)
  ✓  343 [chromium] › tests/npm-install.spec.mjs:621:3 › In-Browser TAR & NPM Package Management › BrowserNpm nests incompatible concurrent dependency versions (6ms)
  ✓  344 [chromium] › tests/npm-install.spec.mjs:682:3 › In-Browser TAR & NPM Package Management › BrowserNpmCache saves, retrieves, and clears metadata and tarballs (2ms)
  ✓  345 [chromium] › tests/npm-install.spec.mjs:709:3 › In-Browser TAR & NPM Package Management › BrowserNpmCache can clear memory without deleting persistent cache records (1ms)
  ✓  346 [chromium] › tests/npm-install.spec.mjs:721:3 › In-Browser TAR & NPM Package Management › BrowserNpm installs from custom/live registry and leverages BrowserNpmCache (5ms)
  ✓  347 [chromium] › tests/path-relative.spec.mjs:7:3 › browser runtime node:path relative › computes equal and nested POSIX paths (407ms)
  ✓  348 [chromium] › tests/path-relative.spec.mjs:27:3 › browser runtime node:path relative › preserves trailing separators while normalizing POSIX paths (396ms)
  ✓  349 [chromium] › tests/path-relative.spec.mjs:41:3 › browser runtime node:path relative › computes equal and nested Windows paths (404ms)
  ✓  350 [chromium] › tests/perf-compat.spec.mjs:18:3 › browser Node v22 performance compatibility › exposes browser performance entries and Node-shaped observer lists (414ms)
  ✓  351 [chromium] › tests/perf-compat.spec.mjs:81:3 › browser Node v22 performance compatibility › timerifies sync functions into observable browser-safe function entries (429ms)
  ✓  352 [chromium] › tests/perf-compat.spec.mjs:117:3 › browser Node v22 performance compatibility › provides monotonic process helpers and deterministic virtual metrics (440ms)
  ✓  353 [chromium] › tests/platform-primitives.spec.mjs:16:3 › browser runtime platform primitives › provides deterministic browser-native node:os methods and constants (433ms)
  ✓  354 [chromium] › tests/platform-primitives.spec.mjs:51:3 › browser runtime platform primitives › provides Buffer, crypto, path, URL, and file URL behavior (427ms)
  ✓  355 [chromium] › tests/platform-primitives.spec.mjs:78:3 › browser runtime platform primitives › provides diagnostics channels, async context, compression, and WebAssembly (428ms)
  ✓  356 [chromium] › tests/platform-primitives.spec.mjs:117:3 › browser runtime platform primitives › loads core zlib WASM from the shared runtime asset path (429ms)
  ✓  357 [chromium] › tests/platform-primitives.spec.mjs:131:3 › browser runtime platform primitives › streams gzip output incrementally through the browser compression stream (1.4s)
  ✓  358 [chromium] › tests/platform-primitives.spec.mjs:194:3 › browser runtime platform primitives › loads the WASI-linked Brotli codec and round trips native zlib calls (581ms)
  ✓  359 [chromium] › tests/platform-primitives.spec.mjs:209:3 › browser runtime platform primitives › reports browser-only boundaries without invoking host subprocesses (433ms)
  ✓  360 [chromium] › tests/process-metadata.spec.mjs:7:3 › browser Node process metadata › exposes the metadata required by test/common/index.js without host-process capabilities (415ms)
  ✓  361 [chromium] › tests/process-metadata.spec.mjs:43:3 › browser Node process metadata › keeps the owning process environment in CommonJS callbacks (437ms)
  ✓  362 [chromium] › tests/process-umask.spec.mjs:8:3 › browser Node process umask › is browser-local and preserves Node umask semantics (444ms)
  ✓  363 [chromium] › tests/process-umask.spec.mjs:25:3 › browser Node process umask › exposes browser-local uid/gid and high-bit umask semantics (438ms)
  ✓  364 [chromium] › tests/storage-compat.spec.mjs:11:3 › browser-native storage capability adapters › feature detection matches the browser objects without invoking them (219ms)
  ✓  365 [chromium] › tests/storage-compat.spec.mjs:48:3 › browser-native storage capability adapters › missing browser APIs produce explicit unsupported capability errors (220ms)
  ✓  366 [chromium] › tests/storage-compat.spec.mjs:125:3 › browser-native storage capability adapters › memory fallback is opt-in and isolated from native storage (212ms)
  ✓  367 [chromium] › tests/typescript-demo.spec.mjs:94:3 › TypeScript multi-compiler browser demo › loads TypeScript demo and executes Node 22, Vite, and tsc compilation pipelines (5.1s)
  ✓  368 [chromium] › tests/vite-react-demo.spec.mjs:122:3 › Vite + React browser demo › runs React libraries in dev and production modes with virtual and hash navigation (2.4s)
  ✓  369 [chromium] › tests/vm-compat.spec.mjs:7:3 › browser-native node:vm builtin › creates assert-compatible SyntaxErrors in a context and runs new contexts (436ms)
  ✓  370 [chromium] › tests/vm-compat.spec.mjs:31:3 › browser-native node:vm builtin › exposes own intrinsic globals to legacy child module loaders (446ms)
  ✓  371 [chromium] › tests/vm-compat.spec.mjs:67:3 › browser-native node:vm builtin › uses a distinct browser realm for context constructors and Web Crypto inputs (461ms)
  ✓  372 [chromium] › tests/vm-compat.spec.mjs:114:3 › browser-native node:vm builtin › preserves structured Error.captureStackTrace inside a context realm (434ms)
  ✓  373 [chromium] › tests/vm-compat.spec.mjs:133:3 › browser-native node:vm builtin › normalizes browser regex recursion errors to Node RangeErrors (504ms)
  ✓  374 [chromium] › tests/vm-compat.spec.mjs:156:3 › browser-native node:vm builtin › honors vm.Script filename in evaluated callsites (433ms)

  374 passed (9.2m)
