TAP version 13
# Subtest: dev/tests/runtime/runtime/patch-crypto-regressions.mjs
ok 1 - dev/tests/runtime/runtime/patch-crypto-regressions.mjs
  ---
  duration_ms: 109.413044
  type: 'test'
  ...
# Subtest: dev/tests/runtime/runtime/patch-messaging-regressions.mjs
ok 2 - dev/tests/runtime/runtime/patch-messaging-regressions.mjs
  ---
  duration_ms: 68.207411
  type: 'test'
  ...
# Subtest: dev/tests/runtime/runtime/patch-regressions.mjs
ok 3 - dev/tests/runtime/runtime/patch-regressions.mjs
  ---
  duration_ms: 3642.53042
  type: 'test'
  ...
# Subtest: dev/tests/runtime/runtime/patch-source-regressions.mjs
ok 4 - dev/tests/runtime/runtime/patch-source-regressions.mjs
  ---
  duration_ms: 51.443396
  type: 'test'
  ...
1..4
# tests 4
# suites 0
# pass 4
# fail 0
# cancelled 0
# skipped 0
# todo 0
# duration_ms 3881.216416
