
> nacelle@1.0.5 test:browser:firefox
> BNH_BROWSER=firefox npm --prefix dev/adapters/playwright run test:browser


> test:browser
> node tests/run-browser-tests.mjs


Running 376 tests using 1 worker

(node:14796) Warning: The 'NO_COLOR' env is ignored due to the 'FORCE_COLOR' env being set.
(Use `node --trace-warnings ...` to show where the warning was created)
  ✓    1 [firefox] › tests/adapter-env.spec.mjs:6:1 › passes the Node test global-check setting into browser process.env (1.3s)
  ✓    2 [firefox] › tests/als-extent-proof.spec.mjs:76:1 › keeps ALS store across awaited and fire-and-forget run extents (646ms)
  ✓    3 [firefox] › tests/als-fastpath-proof.spec.mjs:38:1 › keeps ALS store for eval-defined native async fn awaiting native fn promise (664ms)
  ✓    4 [firefox] › tests/als-fastpath-proof.spec.mjs:46:1 › keeps ALS store for webpack-style escaped eval module strings (652ms)
  ✓    5 [firefox] › tests/als-messageport-proof.spec.mjs:7:3 › browser runtime ALS message port propagation › preserves ALS store across MessageChannel postMessage delivery (630ms)
  ✓    6 [firefox] › tests/als-promise-pressure.spec.mjs:7:3 › browser runtime ALS promise pressure › keeps the ALS store alive across a long await chain (1.9m)
  ✓    7 [firefox] › tests/als-scheduling-proof.spec.mjs:58:1 › ALS store survives request-entry scheduling through npm->shell->node nesting (752ms)
  ✓    8 [firefox] › tests/als-write-scope-proof.spec.mjs:7:3 › browser runtime ALS stream write scope › preserves ALS store for write callbacks queued behind an in-flight write (618ms)
  ✓    9 [firefox] › tests/assert-compat.spec.mjs:7:3 › Node assert v22 compatibility › assert.equal treats NaN values as equal (604ms)
  ✓   10 [firefox] › tests/assert-compat.spec.mjs:16:3 › Node assert v22 compatibility › loads the assert/strict builtin alias (1.4s)
  ✓   11 [firefox] › tests/assert-compat.spec.mjs:28:3 › Node assert v22 compatibility › assert.throws matches an Error constructor (662ms)
  ✓   12 [firefox] › tests/assert-compat.spec.mjs:41:3 › Node assert v22 compatibility › assert.throws matches an error predicate (788ms)
  ✓   13 [firefox] › tests/assert-compat.spec.mjs:54:3 › Node assert v22 compatibility › assert.throws matches an error message with a RegExp (621ms)
  ✓   14 [firefox] › tests/assert-compat.spec.mjs:66:3 › Node assert v22 compatibility › assert.throws matches assertion error fields (617ms)
  ✓   15 [firefox] › tests/assert-compat.spec.mjs:88:3 › Node assert v22 compatibility › assert.partialDeepStrictEqual matches a nested subset (612ms)
  ✓   16 [firefox] › tests/assert-compat.spec.mjs:104:3 › Node assert v22 compatibility › assert.partialDeepStrictEqual reports the Node operator and preserves exports (632ms)
  ✓   17 [firefox] › tests/async-primitives.spec.mjs:7:3 › browser runtime async primitives › preserves AsyncLocalStorage through queued promise work (713ms)
  ✓   18 [firefox] › tests/async-primitives.spec.mjs:78:3 › browser runtime async primitives › preserves AsyncLocalStorage through an ESM queue boundary (682ms)
  ✓   19 [firefox] › tests/async-primitives.spec.mjs:132:3 › browser runtime async primitives › does not report a rejection handled through queued Promise.all work (770ms)
  ✓   20 [firefox] › tests/async-primitives.spec.mjs:216:3 › browser runtime async primitives › does not report the published p-locate ESM rejection path (1.6s)
  ✓   21 [firefox] › tests/async-primitives.spec.mjs:307:3 › browser runtime async primitives › delivers unhandled rejections to the process handler before setImmediate (656ms)
  ✓   22 [firefox] › tests/async-primitives.spec.mjs:331:3 › browser runtime async primitives › delivers later rejection handling to the process handler (843ms)
  ✓   23 [firefox] › tests/async-primitives.spec.mjs:364:3 › browser runtime async primitives › preserves process, timer, microtask, and environment behavior (624ms)
  ✓   24 [firefox] › tests/async-primitives.spec.mjs:389:3 › browser runtime async primitives › matches execution resources across browser-native fs.readFile stages (630ms)
  ✓   25 [firefox] › tests/async-primitives.spec.mjs:438:3 › browser runtime async primitives › implements EventEmitter listener ordering, once, off, and errors (616ms)
  ✓   26 [firefox] › tests/async-primitives.spec.mjs:459:3 › browser runtime async primitives › supports stream backpressure, transform, async iteration, and errors (628ms)
  ✓   27 [firefox] › tests/async-primitives.spec.mjs:496:3 › browser runtime async primitives › supports legacy Transform.call constructors (651ms)
  ✓   28 [firefox] › tests/async-primitives.spec.mjs:528:3 › browser runtime async primitives › preserves matching-decoder string chunks across surrogate boundaries (669ms)
  ✓   29 [firefox] › tests/async-primitives.spec.mjs:555:3 › browser runtime async primitives › string_decoder preserves a leading UTF-8 BOM (692ms)
  ✓   30 [firefox] › tests/async-primitives.spec.mjs:569:3 › browser runtime async primitives › supports worker communication, message channels, and transferable ownership (1.7s)
  ✓   31 [firefox] › tests/async-primitives.spec.mjs:613:3 › browser runtime async primitives › runs a virtual worker when its entrypoint is a file URL (882ms)
  ✓   32 [firefox] › tests/bridge-runtime.spec.mjs:8:3 › browser runtime bridge and core primitives › exits worker Promise callbacks without reporting the private exit signal (667ms)
  ✓   33 [firefox] › tests/bridge-runtime.spec.mjs:21:3 › browser runtime bridge and core primitives › keeps native Web Crypto jobs alive through key generation and export (625ms)
  ✓   34 [firefox] › tests/bridge-runtime.spec.mjs:37:3 › browser runtime bridge and core primitives › resets, mounts, spawns, and captures stdout and stderr in the browser (642ms)
  ✓   35 [firefox] › tests/bridge-runtime.spec.mjs:56:3 › browser runtime bridge and core primitives › keeps observable Promise catch callbacks on the child console (629ms)
  ✓   36 [firefox] › tests/bridge-runtime.spec.mjs:83:3 › browser runtime bridge and core primitives › preserves yargs-style async rejection output through util.format (882ms)
  ✓   37 [firefox] › tests/bridge-runtime.spec.mjs:178:3 › browser runtime bridge and core primitives › does not fail a process for a caught yargs-style async command rejection (716ms)
  ✓   38 [firefox] › tests/bridge-runtime.spec.mjs:224:3 › browser runtime bridge and core primitives › isolates syntax errors from asynchronous node -e children (673ms)
  ✓   39 [firefox] › tests/bridge-runtime.spec.mjs:244:3 › browser runtime bridge and core primitives › completes inherited-stdio shebang children after their nested child closes (654ms)
  ✓   40 [firefox] › tests/bridge-runtime.spec.mjs:282:3 › browser runtime bridge and core primitives › keeps async CommonJS children alive while awaiting nested inherited-stdio children (2.0s)
  ✓   41 [firefox] › tests/bridge-runtime.spec.mjs:334:3 › browser runtime bridge and core primitives › routes async CommonJS npm lifecycle shebangs through the child boundary (1.1s)
  ✓   42 [firefox] › tests/bridge-runtime.spec.mjs:392:3 › browser runtime bridge and core primitives › releases sequential async CommonJS child workers before the next child starts (1.0s)
  ✓   43 [firefox] › tests/bridge-runtime.spec.mjs:437:3 › browser runtime bridge and core primitives › completes an execa-style inherited-stdio async CommonJS launcher (1.1s)
  ✓   44 [firefox] › tests/bridge-runtime.spec.mjs:494:3 › browser runtime bridge and core primitives › keeps nested ESM child lifecycles isolated from their ESM parent (895ms)
  ✓   45 [firefox] › tests/bridge-runtime.spec.mjs:538:3 › browser runtime bridge and core primitives › completes a nested async CommonJS filesystem walk (10.7s)
  ✓   46 [firefox] › tests/bridge-runtime.spec.mjs:579:3 › browser runtime bridge and core primitives › isolates async CommonJS code behind an npm .bin symlink (1.1s)
  ✓   47 [firefox] › tests/bridge-runtime.spec.mjs:637:3 › browser runtime bridge and core primitives › completes a CommonJS .bin chain owned by a nested ESM process (5.1s)
  ✓   48 [firefox] › tests/bridge-runtime.spec.mjs:748:3 › browser runtime bridge and core primitives › completes nested filesystem walks scheduled by setImmediate (842ms)
  ✓   49 [firefox] › tests/bridge-runtime.spec.mjs:789:3 › browser runtime bridge and core primitives › provides max-listener controls on process stdio streams (621ms)
  ✓   50 [firefox] › tests/bridge-runtime.spec.mjs:803:3 › browser runtime bridge and core primitives › matches util inspect defaults and vm sandbox assignment ownership (1.4s)
  ✓   51 [firefox] › tests/bridge-runtime.spec.mjs:828:3 › browser runtime bridge and core primitives › does not expose ESM global overlay bindings (679ms)
  ✓   52 [firefox] › tests/bridge-runtime.spec.mjs:858:3 › browser runtime bridge and core primitives › provides V8 caller file names to synchronous Node resolver callers (678ms)
  ✓   53 [firefox] › tests/bridge-runtime.spec.mjs:911:3 › browser runtime bridge and core primitives › initializes module global paths in virtual child processes (673ms)
  ✓   54 [firefox] › tests/bridge-runtime.spec.mjs:954:3 › browser runtime bridge and core primitives › resolves trailing-slash packages through virtual symlinks (634ms)
  ✓   55 [firefox] › tests/bridge-runtime.spec.mjs:975:3 › browser runtime bridge and core primitives › resolves trailing-slash packages through virtual symlinks in child processes (647ms)
  ✓   56 [firefox] › tests/bridge-runtime.spec.mjs:1014:3 › browser runtime bridge and core primitives › isolates global sentinels between same-realm child processes (647ms)
  ✓   57 [firefox] › tests/bridge-runtime.spec.mjs:1059:3 › browser runtime bridge and core primitives › keeps a passing legacy stream harness at exit code zero (649ms)
  ✓   58 [firefox] › tests/bridge-runtime.spec.mjs:1153:3 › browser runtime bridge and core primitives › keeps the readable queue independent from a legacy _buffer field (652ms)
  ✓   59 [firefox] › tests/bridge-runtime.spec.mjs:1178:3 › browser runtime bridge and core primitives › does not keep the parent alive for detached unref children (1.8s)
  ✓   60 [firefox] › tests/bridge-runtime.spec.mjs:1192:3 › browser runtime bridge and core primitives › preserves Node events.on argument tuples for async iteration (1.5s)
  ✓   61 [firefox] › tests/bridge-runtime.spec.mjs:1222:3 › browser runtime bridge and core primitives › drains buffered object-mode transforms through stream.on async iteration (668ms)
  ✓   62 [firefox] › tests/bridge-runtime.spec.mjs:1265:3 › browser runtime bridge and core primitives › keeps Buffer arrays and assert predicates Node-compatible (628ms)
  ✓   63 [firefox] › tests/bridge-runtime.spec.mjs:1280:3 › browser runtime bridge and core primitives › compiles ordinary CommonJS object exports from a package module (650ms)
  ✓   64 [firefox] › tests/bridge-runtime.spec.mjs:1307:3 › browser runtime bridge and core primitives › resolves extensionless Node script arguments through standard file probes (662ms)
  ✓   65 [firefox] › tests/bridge-runtime.spec.mjs:1334:3 › browser runtime bridge and core primitives › loads CommonJS package entrypoints from Node child scripts (657ms)
  ✓   66 [firefox] › tests/bridge-runtime.spec.mjs:1374:3 › browser runtime bridge and core primitives › exposes the complete Buffer global to CommonJS child dependencies (660ms)
  ✓   67 [firefox] › tests/bridge-runtime.spec.mjs:1457:3 › browser runtime bridge and core primitives › shares the Node global identity between CommonJS and ESM children (668ms)
  ✓   68 [firefox] › tests/bridge-runtime.spec.mjs:1493:3 › browser runtime bridge and core primitives › exposes process-bound fs overlays as ESM named exports (651ms)
  ✓   69 [firefox] › tests/bridge-runtime.spec.mjs:1509:3 › browser runtime bridge and core primitives › keeps recursive fs directory traversal in Node order (728ms)
  ✓   70 [firefox] › tests/bridge-runtime.spec.mjs:1533:3 › browser runtime bridge and core primitives › loads ESM command modules through synchronous createRequire (1.5s)
  ✓   71 [firefox] › tests/bridge-runtime.spec.mjs:1558:3 › browser runtime bridge and core primitives › preserves the ESM createRequire importer when it loads another ESM module (675ms)
  ✓   72 [firefox] › tests/bridge-runtime.spec.mjs:1586:3 › browser runtime bridge and core primitives › keeps native ESM process and Error identities through deferred callbacks (649ms)
  ✓   73 [firefox] › tests/bridge-runtime.spec.mjs:1618:3 › browser runtime bridge and core primitives › preserves the native ESM createRequire importer across a deferred load (665ms)
  ✓   74 [firefox] › tests/bridge-runtime.spec.mjs:1651:3 › browser runtime bridge and core primitives › maps native ESM caller callsites back to VFS filenames (663ms)
  ✓   75 [firefox] › tests/bridge-runtime.spec.mjs:1693:3 › browser runtime bridge and core primitives › maps CJS get-caller-file through the native ESM command-dir call path (661ms)
  ✓   76 [firefox] › tests/bridge-runtime.spec.mjs:1739:3 › browser runtime bridge and core primitives › preserves CommonJS identity across import and require (654ms)
  ✓   77 [firefox] › tests/bridge-runtime.spec.mjs:1762:3 › browser runtime bridge and core primitives › preserves CommonJS identity across child import and require (885ms)
  ✓   78 [firefox] › tests/bridge-runtime.spec.mjs:1799:3 › browser runtime bridge and core primitives › strips TypeScript from child entrypoints before CommonJS compilation (671ms)
  ✓   79 [firefox] › tests/bridge-runtime.spec.mjs:1826:3 › browser runtime bridge and core primitives › resolves PATH commands in nested child-process launches (681ms)
  ✓   80 [firefox] › tests/bridge-runtime.spec.mjs:1878:3 › browser runtime bridge and core primitives › exposes synchronous Node KeyObjects for browser crypto callers (1.7s)
  ✓   81 [firefox] › tests/bridge-runtime.spec.mjs:1919:3 › browser runtime bridge and core primitives › initializes legacy function-inherited Readable receivers in place (650ms)
  ✓   82 [firefox] › tests/bridge-runtime.spec.mjs:1952:3 › browser runtime bridge and core primitives › marks a legacy callable ServerResponse ended before its finish event (642ms)
  ✓   83 [firefox] › tests/bridge-runtime.spec.mjs:1973:3 › browser runtime bridge and core primitives › settles a response thenable after a legacy stream terminal sequence (661ms)
  ✓   84 [firefox] › tests/bridge-runtime.spec.mjs:2022:3 › browser runtime bridge and core primitives › finished accepts legacy Stream instances and waits for the requested side (647ms)
  ✓   85 [firefox] › tests/bridge-runtime.spec.mjs:2056:3 › browser runtime bridge and core primitives › serializes ordinary Map values through the v8 structured clone contract (617ms)
  ✓   86 [firefox] › tests/bridge-runtime.spec.mjs:2071:3 › browser runtime bridge and core primitives › keeps response sent state visible through socket-backed stream completion (633ms)
  ✓   87 [firefox] › tests/bridge-runtime.spec.mjs:2130:3 › browser runtime bridge and core primitives › marks a response writableEnded at end call despite a pending write (641ms)
  ✓   88 [firefox] › tests/bridge-runtime.spec.mjs:2168:3 › browser runtime bridge and core primitives › generates synchronously encoded RSA key pairs through the browser crypto contract (706ms)
  ✓   89 [firefox] › tests/bridge-runtime.spec.mjs:2188:3 › browser runtime bridge and core primitives › reports browser output as non-TTY while preserving tty window APIs (658ms)
  ✓   90 [firefox] › tests/bridge-runtime.spec.mjs:2204:3 › browser runtime bridge and core primitives › loads test-assert.js-style CommonJS modules that declare process locally (1.6s)
  ✓   91 [firefox] › tests/bridge-runtime.spec.mjs:2231:3 › browser runtime bridge and core primitives › propagates process.exitCode assignments to the bridge result (678ms)
  ✓   92 [firefox] › tests/bridge-runtime.spec.mjs:2238:3 › browser runtime bridge and core primitives › routes process.nextTick exceptions through the owning process emitter (620ms)
  ✓   93 [firefox] › tests/bridge-runtime.spec.mjs:2261:3 › browser runtime bridge and core primitives › does not keep a process alive for an unresolved Promise continuation (619ms)
  ✓   94 [firefox] › tests/bridge-runtime.spec.mjs:2272:3 › browser runtime bridge and core primitives › does not keep a nested virtual child alive for an unresolved Promise (678ms)
  ✓   95 [firefox] › tests/bridge-runtime.spec.mjs:2298:3 › browser runtime bridge and core primitives › runs npm scripts when Node launches the npm entrypoint (666ms)
  ✓   96 [firefox] › tests/bridge-runtime.spec.mjs:2336:3 › browser runtime bridge and core primitives › runs npm scripts when a package shell launches Node with the npm entrypoint (682ms)
  ✓   97 [firefox] › tests/bridge-runtime.spec.mjs:2378:3 › browser runtime bridge and core primitives › splits shell-enabled spawn command strings into the program and argv (692ms)
  ✓   98 [firefox] › tests/bridge-runtime.spec.mjs:2408:3 › browser runtime bridge and core primitives › publishes ESM pretest writes before the following npm test script (1.2s)
  ✓   99 [firefox] › tests/bridge-runtime.spec.mjs:2458:3 › browser runtime bridge and core primitives › runs an npm install prepublish hook for the package being installed (689ms)
  ✓  100 [firefox] › tests/bridge-runtime.spec.mjs:2494:3 › browser runtime bridge and core primitives › accepts a browser ReadableStream as fs.promises.writeFile input (1.6s)
  ✓  101 [firefox] › tests/bridge-runtime.spec.mjs:2512:3 › browser runtime bridge and core primitives › runs file-based npm scripts from a nested package cwd (684ms)
  ✓  102 [firefox] › tests/bridge-runtime.spec.mjs:2551:3 › browser runtime bridge and core primitives › runs bare node test discovery from an npm lifecycle child (872ms)
  ✓  103 [firefox] › tests/bridge-runtime.spec.mjs:2594:3 › browser runtime bridge and core primitives › runs nested package-manager lifecycle scripts through a Node child (660ms)
  ✓  104 [firefox] › tests/bridge-runtime.spec.mjs:2636:3 › browser runtime bridge and core primitives › runs pnpm regex script selectors through a Node child (661ms)
  ✓  105 [firefox] › tests/bridge-runtime.spec.mjs:2680:3 › browser runtime bridge and core primitives › runs pnpm shorthand package scripts through a Node child (679ms)
  ✓  106 [firefox] › tests/bridge-runtime.spec.mjs:2722:3 › browser runtime bridge and core primitives › routes a direct pnpm child through the virtual package-manager lifecycle (649ms)
  ✓  107 [firefox] › tests/bridge-runtime.spec.mjs:2761:3 › browser runtime bridge and core primitives › serves synchronous npm show metadata from the active virtual install (644ms)
  ✓  108 [firefox] › tests/bridge-runtime.spec.mjs:2787:3 › browser runtime bridge and core primitives › materializes a synchronous pnpm lockfile in the active virtual cwd (682ms)
  ✓  109 [firefox] › tests/bridge-runtime.spec.mjs:2815:3 › browser runtime bridge and core primitives › updates a synchronous npm lockfile through the active virtual cwd (693ms)
  ✓  110 [firefox] › tests/bridge-runtime.spec.mjs:2853:3 › browser runtime bridge and core primitives › keeps synchronous npm lockfile updates across sequential virtual cwds (1.6s)
  ✓  111 [firefox] › tests/bridge-runtime.spec.mjs:2896:3 › browser runtime bridge and core primitives › canonicalizes redundant leading slashes in file URL imports (672ms)
  ✓  112 [firefox] › tests/bridge-runtime.spec.mjs:2917:3 › browser runtime bridge and core primitives › returns file Dirents from fs promises glob with withFileTypes (644ms)
  ✓  113 [firefox] › tests/bridge-runtime.spec.mjs:2944:3 › browser runtime bridge and core primitives › falls back to WASM for Brotli transform streams (666ms)
  ✓  114 [firefox] › tests/bridge-runtime.spec.mjs:2972:3 › browser runtime bridge and core primitives › preserves named exports after comments in ESM export lists (655ms)
  ✓  115 [firefox] › tests/bridge-runtime.spec.mjs:3007:3 › browser runtime bridge and core primitives › preserves live bindings through an ESM cycle (661ms)
  ✓  116 [firefox] › tests/bridge-runtime.spec.mjs:3056:3 › browser runtime bridge and core primitives › does not treat Node test coverage option values as test files (865ms)
  ✓  117 [firefox] › tests/bridge-runtime.spec.mjs:3102:3 › browser runtime bridge and core primitives › preserves Node exec promise stdout and stderr fields (705ms)
  ✓  118 [firefox] › tests/bridge-runtime.spec.mjs:3134:3 › browser runtime bridge and core primitives › preserves nanoid large and negative size errors (680ms)
  ✓  119 [firefox] › tests/bridge-runtime.spec.mjs:3206:3 › browser runtime bridge and core primitives › keeps typed-array buffer intrinsics callable through the guest Uint8Array (719ms)
  ✓  120 [firefox] › tests/bridge-runtime.spec.mjs:3224:3 › browser runtime bridge and core primitives › keeps TextEncoder output compatible with the guest Uint8Array (1.5s)
  ✓  121 [firefox] › tests/bridge-runtime.spec.mjs:3236:3 › browser runtime bridge and core primitives › exposes the available native module registry through process.binding (667ms)
  ✓  122 [firefox] › tests/bridge-runtime.spec.mjs:3260:3 › browser runtime bridge and core primitives › provides callable Node CallSite methods to stack formatters (633ms)
  ✓  123 [firefox] › tests/bridge-runtime.spec.mjs:3289:3 › browser runtime bridge and core primitives › preserves callsites-style Error.prepareStackTrace wrappers (631ms)
  ✓  124 [firefox] › tests/bridge-runtime.spec.mjs:3310:3 › browser runtime bridge and core primitives › preserves messages in captured Error stacks for ESM children (863ms)
  ✓  125 [firefox] › tests/bridge-runtime.spec.mjs:3353:3 › browser runtime bridge and core primitives › returns virtual filenames from structured ESM callsites (860ms)
  ✓  126 [firefox] › tests/bridge-runtime.spec.mjs:3398:3 › browser runtime bridge and core primitives › inherits the package cwd for asynchronous nested npm scripts (695ms)
  ✓  127 [firefox] › tests/bridge-runtime.spec.mjs:3445:3 › browser runtime bridge and core primitives › runs bare node test discovery in a child process (904ms)
  ✓  128 [firefox] › tests/bridge-runtime.spec.mjs:3481:3 › browser runtime bridge and core primitives › expands explicit node test glob arguments from an npm lifecycle child (911ms)
  ✓  129 [firefox] › tests/bridge-runtime.spec.mjs:3528:3 › browser runtime bridge and core primitives › provides a POSIX process table to child tooling (618ms)
  ✓  130 [firefox] › tests/bridge-runtime.spec.mjs:3555:3 › browser runtime bridge and core primitives › forwards package-script output before a nonzero child close (1.7s)
  ✓  131 [firefox] › tests/bridge-runtime.spec.mjs:3591:3 › browser runtime bridge and core primitives › forwards output and status through a package-manager child entrypoint (689ms)
  ✓  132 [firefox] › tests/bridge-runtime.spec.mjs:3632:3 › browser runtime bridge and core primitives › forwards nested package-script resolution errors through child stderr (682ms)
  ✓  133 [firefox] › tests/bridge-runtime.spec.mjs:3667:3 › browser runtime bridge and core primitives › forwards nested Node launch errors through package-manager stderr (646ms)
  ✓  134 [firefox] › tests/bridge-runtime.spec.mjs:3700:3 › browser runtime bridge and core primitives › preserves nested package-script output when its Node child exits nonzero (683ms)
  ✓  135 [firefox] › tests/bridge-runtime.spec.mjs:3747:3 › browser runtime bridge and core primitives › forwards async package-script output and exit status after Promise completion (656ms)
  ✓  136 [firefox] › tests/bridge-runtime.spec.mjs:3790:3 › browser runtime bridge and core primitives › preserves nested template boundaries while transforming async CommonJS children (868ms)
  ✓  137 [firefox] › tests/bridge-runtime.spec.mjs:3830:3 › browser runtime bridge and core primitives › preserves async function expression calls while transforming awaits (644ms)
  ✓  138 [firefox] › tests/bridge-runtime.spec.mjs:3843:3 › browser runtime bridge and core primitives › leaves for-await loops in async generators intact while transforming callers (679ms)
  ✓  139 [firefox] › tests/bridge-runtime.spec.mjs:3863:3 › browser runtime bridge and core primitives › forwards nested output before a package-manager child exits nonzero (761ms)
  ✓  140 [firefox] › tests/bridge-runtime.spec.mjs:3907:3 › browser runtime bridge and core primitives › preserves piped child output and stream listener semantics (1.7s)
  ✓  141 [firefox] › tests/bridge-runtime.spec.mjs:3948:3 › browser runtime bridge and core primitives › preserves encoded child stdout through close (694ms)
  ✓  142 [firefox] › tests/bridge-runtime.spec.mjs:3977:3 › browser runtime bridge and core primitives › preserves output from a relative shebang child through close (671ms)
  ✓  143 [firefox] › tests/bridge-runtime.spec.mjs:4006:3 › browser runtime bridge and core primitives › preserves relative shebang output when the child requires an ESM helper (675ms)
  ✓  144 [firefox] › tests/bridge-runtime.spec.mjs:4043:3 › browser runtime bridge and core primitives › runs ESM Node files from npm package scripts through the ESM lifecycle (869ms)
  ✓  145 [firefox] › tests/bridge-runtime.spec.mjs:4083:3 › browser runtime bridge and core primitives › routes a direct .bin/node ESM script through the native child lifecycle (858ms)
  ✓  146 [firefox] › tests/bridge-runtime.spec.mjs:4118:3 › browser runtime bridge and core primitives › supports source files and command substitution in npm scripts (658ms)
  ✓  147 [firefox] › tests/bridge-runtime.spec.mjs:4154:3 › browser runtime bridge and core primitives › runs a parameterized POSIX build script through npm in the browser (703ms)
  ✓  148 [firefox] › tests/bridge-runtime.spec.mjs:4217:3 › browser runtime bridge and core primitives › runs an ESM node:test reporter launcher through an npm script (956ms)
  ✓  149 [firefox] › tests/bridge-runtime.spec.mjs:4265:3 › browser runtime bridge and core primitives › settles a same-realm node:test child after its entry is loaded (757ms)
  ✓  150 [firefox] › tests/bridge-runtime.spec.mjs:4298:3 › browser runtime bridge and core primitives › propagates CommonJS-installed globals into imported ESM child files (2.1s)
  ✓  151 [firefox] › tests/bridge-runtime.spec.mjs:4342:3 › browser runtime bridge and core primitives › discovers the package root test file when node:test has no script argument (893ms)
  ✓  152 [firefox] › tests/bridge-runtime.spec.mjs:4373:3 › browser runtime bridge and core primitives › preserves npm dispatch when Node is resolved by name (657ms)
  ✓  153 [firefox] › tests/bridge-runtime.spec.mjs:4406:3 › browser runtime bridge and core primitives › keeps CommonJS async module imports in the child process context (649ms)
  ✓  154 [firefox] › tests/bridge-runtime.spec.mjs:4428:3 › browser runtime bridge and core primitives › waits for async dynamic imports in shebang children (842ms)
  ✓  155 [firefox] › tests/bridge-runtime.spec.mjs:4465:3 › browser runtime bridge and core primitives › executes an ESM shebang launcher with its terminal result (845ms)
  ✓  156 [firefox] › tests/bridge-runtime.spec.mjs:4501:3 › browser runtime bridge and core primitives › preserves resolver result shape in a virtual child process (647ms)
  ✓  157 [firefox] › tests/bridge-runtime.spec.mjs:4529:3 › browser runtime bridge and core primitives › executes shebang scripts from the virtual filesystem (673ms)
  ✓  158 [firefox] › tests/bridge-runtime.spec.mjs:4557:3 › browser runtime bridge and core primitives › realpaths directly executed .bin symlinks for require.main.filename (684ms)
  ✓  159 [firefox] › tests/bridge-runtime.spec.mjs:4599:3 › browser runtime bridge and core primitives › uses the target as main for browser-generated npm .bin shims (758ms)
  ✓  160 [firefox] › tests/bridge-runtime.spec.mjs:4644:3 › browser runtime bridge and core primitives › runs ESM package bins from npm-style launcher files (1.8s)
  ✓  161 [firefox] › tests/bridge-runtime.spec.mjs:4674:3 › browser runtime bridge and core primitives › keeps an ESM launcher alive through an asynchronous dynamic import (892ms)
  ✓  162 [firefox] › tests/bridge-runtime.spec.mjs:4704:3 › browser runtime bridge and core primitives › rewrites awaited private-field access in CommonJS async methods (666ms)
  ✓  163 [firefox] › tests/bridge-runtime.spec.mjs:4744:3 › browser runtime bridge and core primitives › preserves option-looking shebang script arguments after the script path (656ms)
  ✓  164 [firefox] › tests/bridge-runtime.spec.mjs:4768:3 › browser runtime bridge and core primitives › waits for shebang child processes and propagates their output and status (864ms)
  ✓  165 [firefox] › tests/bridge-runtime.spec.mjs:4804:3 › browser runtime bridge and core primitives › forwards output and status through npm scripts that launch shebang children (879ms)
  ✓  166 [firefox] › tests/bridge-runtime.spec.mjs:4848:3 › browser runtime bridge and core primitives › preserves async ESM launcher output through npm package scripts (857ms)
  ✓  167 [firefox] › tests/bridge-runtime.spec.mjs:4899:3 › browser runtime bridge and core primitives › waits for asynchronous inherited-stdio children before closing (923ms)
  ✓  168 [firefox] › tests/bridge-runtime.spec.mjs:4938:3 › browser runtime bridge and core primitives › runs required preloads in inherited execPath children before forwarding exit (911ms)
  ✓  169 [firefox] › tests/bridge-runtime.spec.mjs:4973:3 › browser runtime bridge and core primitives › runs the upstream worker abort-on-uncaught-exception case (842ms)
  ✓  170 [firefox] › tests/bridge-runtime.spec.mjs:5013:3 › browser runtime bridge and core primitives › uses the mounted virtual filesystem rather than the host filesystem (1.5s)
  ✓  171 [firefox] › tests/bridge-runtime.spec.mjs:5035:3 › browser runtime bridge and core primitives › publishes filesystem writes from an isolated ESM child before close (903ms)
  ✓  172 [firefox] › tests/bridge-runtime.spec.mjs:5067:3 › browser runtime bridge and core primitives › publishes filesystem writes through nested ESM children before close (892ms)
  ✓  173 [firefox] › tests/bridge-runtime.spec.mjs:5107:3 › browser runtime bridge and core primitives › publishes filesystem writes from synchronous grandchildren before close (1.1s)
  ✓  174 [firefox] › tests/bridge-runtime.spec.mjs:5144:3 › browser runtime bridge and core primitives › publishes synchronous-grandchild writes from a top-level-await ESM child (1.1s)
  ✓  175 [firefox] › tests/bridge-runtime.spec.mjs:5182:3 › browser runtime bridge and core primitives › routes process-bound fs.writeSync stdio descriptors to the owning streams (624ms)
  ✓  176 [firefox] › tests/bridge-runtime.spec.mjs:5194:3 › browser runtime bridge and core primitives › runs an extensionless tsgo-wasm launcher from a synchronous TLA child (1.4s)
  ✓  177 [firefox] › tests/bridge-runtime.spec.mjs:5241:3 › browser runtime bridge and core primitives › honors an intercepted global process in dynamic ESM modules (729ms)
  ✓  178 [firefox] › tests/bridge-runtime.spec.mjs:5284:3 › browser runtime bridge and core primitives › publishes synchronous-grandchild writes before explicit process exit (863ms)
  ✓  179 [firefox] › tests/bridge-runtime.spec.mjs:5322:3 › browser runtime bridge and core primitives › publishes relative build-tree writes from an ESM child cwd before close (849ms)
  ✓  180 [firefox] › tests/bridge-runtime.spec.mjs:5356:3 › browser runtime bridge and core primitives › publishes hard-linked build trees from an ESM child before close (1.8s)
  ✓  181 [firefox] › tests/bridge-runtime.spec.mjs:5391:3 › browser runtime bridge and core primitives › resolves relative paths from each virtual process cwd (710ms)
  ✓  182 [firefox] › tests/bridge-runtime.spec.mjs:5426:3 › browser runtime bridge and core primitives › keeps a child path module bound after its wrapper yields (675ms)
  ✓  183 [firefox] › tests/bridge-runtime.spec.mjs:5462:3 › browser runtime bridge and core primitives › resolves relative filesystem paths from each virtual process cwd (644ms)
  ✓  184 [firefox] › tests/bridge-runtime.spec.mjs:5500:3 › browser runtime bridge and core primitives › uses browser fetch and transport objects without a host socket (641ms)
  ✓  185 [firefox] › tests/bridge-runtime.spec.mjs:5522:3 › browser runtime bridge and core primitives › forwards returned npm child output when no stream callback delivered bytes (3ms)
  ✓  186 [firefox] › tests/bridge-runtime.spec.mjs:5539:3 › browser runtime bridge and core primitives › keeps user process fields from colliding with child output diagnostics (649ms)
  ✓  187 [firefox] › tests/bridge-runtime.spec.mjs:5569:3 › browser runtime bridge and core primitives › keeps process streams usable when Array.prototype.push is replaced (623ms)
  ✓  188 [firefox] › tests/bridge-runtime.spec.mjs:5588:3 › browser runtime bridge and core primitives › restores intrinsic mutations made by same-realm child processes (687ms)
  ✓  189 [firefox] › tests/bridge-runtime.spec.mjs:5630:3 › browser runtime bridge and core primitives › preserves enumerable EventEmitter methods for legacy multi-inheritance (708ms)
  ✓  190 [firefox] › tests/bridge-runtime.spec.mjs:5653:3 › browser runtime bridge and core primitives › kills a timed-out child through the bridge lifecycle (592ms)
  ✓  191 [firefox] › tests/bridge-runtime.spec.mjs:5664:3 › browser runtime bridge and core primitives › settles cluster workers before the primary exit event returns (1.6s)
  ✓  192 [firefox] › tests/bridge-runtime.spec.mjs:5694:3 › browser runtime bridge and core primitives › awaits cancelled execution cleanup before child.kill returns (448ms)
  ✓  193 [firefox] › tests/bridge-runtime.spec.mjs:5717:3 › browser runtime bridge and core primitives › inherits the owning worker network for a same-realm nested child (676ms)
  ✓  194 [firefox] › tests/esm-loader.spec.mjs:7:1 › preserves the node: prefix for builtin module identity (5ms)
  ✓  195 [firefox] › tests/esm-loader.spec.mjs:22:3 › browser ESM loader › does not rewrite module-runner member imports (619ms)
  ✓  196 [firefox] › tests/esm-loader.spec.mjs:34:3 › browser ESM loader › runs a mounted mjs entry with VFS-relative modules and builtins (915ms)
  ✓  197 [firefox] › tests/esm-loader.spec.mjs:62:3 › browser ESM loader › updates an ESM diagnostics polyfill from a mocked builtin (912ms)
  ✓  198 [firefox] › tests/esm-loader.spec.mjs:125:3 › browser ESM loader › provides a Node-shaped virtual URL when a package receives bare import.meta (620ms)
  ✓  199 [firefox] › tests/esm-loader.spec.mjs:145:3 › browser ESM loader › maps generated Blob paths through node:url back to their VFS source path (630ms)
  ✓  200 [firefox] › tests/esm-loader.spec.mjs:161:3 › browser ESM loader › keeps file URL queries as distinct ESM module identities (931ms)
  ✓  201 [firefox] › tests/esm-loader.spec.mjs:183:3 › browser ESM loader › keeps query identity on transitive ESM dependencies (970ms)
  ✓  202 [firefox] › tests/esm-loader.spec.mjs:218:3 › browser ESM loader › allows a clock mock to replace the global performance clock (1.8s)
  ✓  203 [firefox] › tests/esm-loader.spec.mjs:241:3 › browser ESM loader › keeps promise reactions asynchronous after abort (665ms)
  ✓  204 [firefox] › tests/esm-loader.spec.mjs:263:3 › browser ESM loader › keeps chained promise reactions usable after abort (644ms)
  ✓  205 [firefox] › tests/esm-loader.spec.mjs:279:3 › browser ESM loader › keeps rejected abort chains awaitable after eviction (649ms)
  ✓  206 [firefox] › tests/esm-loader.spec.mjs:297:3 › browser ESM loader › keeps query identity on transitive ESM dependencies with sync hooks (931ms)
  ✓  207 [firefox] › tests/esm-loader.spec.mjs:331:3 › browser ESM loader › inherits tapmock identity when a sync hook returns a bare child URL (923ms)
  ✓  208 [firefox] › tests/esm-loader.spec.mjs:365:3 › browser ESM loader › resolves createRequire from a generated blob module back to its VFS path (632ms)
  ✓  209 [firefox] › tests/esm-loader.spec.mjs:384:3 › browser ESM loader › prepares unawaited dynamic imports in request order (928ms)
  ✓  210 [firefox] › tests/esm-loader.spec.mjs:404:3 › browser ESM loader › lets unawaited entry work settle before beforeExit (676ms)
  ✓  211 [firefox] › tests/esm-loader.spec.mjs:424:3 › browser ESM loader › keeps an ESM runner continuation alive after dynamic import (921ms)
  ✓  212 [firefox] › tests/esm-loader.spec.mjs:455:3 › browser ESM loader › keeps captured fs promises alive for an unawaited ESM runner (1.8s)
  ✓  213 [firefox] › tests/esm-loader.spec.mjs:485:3 › browser ESM loader › keeps synchronously resolved promise walkers alive for an unawaited ESM runner (935ms)
  ✓  214 [firefox] › tests/esm-loader.spec.mjs:513:3 › browser ESM loader › keeps nested async walker continuations alive for an unawaited ESM runner (913ms)
  ✓  215 [firefox] › tests/esm-loader.spec.mjs:555:3 › browser ESM loader › keeps captured callback filesystem walkers alive for an unawaited ESM runner (910ms)
  ✓  216 [firefox] › tests/esm-loader.spec.mjs:609:3 › browser ESM loader › keeps a large batch of unawaited walker continuations alive (983ms)
  ✓  217 [firefox] › tests/esm-loader.spec.mjs:630:3 › browser ESM loader › provides structured capture stacks to V8-compatible consumers (622ms)
  ✓  218 [firefox] › tests/esm-loader.spec.mjs:683:3 › browser ESM loader › supports CallSite-compatible custom stack formatters (669ms)
  ✓  219 [firefox] › tests/esm-loader.spec.mjs:708:3 › browser ESM loader › preserves structured capture stacks in nested ESM node processes (683ms)
  ✓  220 [firefox] › tests/esm-loader.spec.mjs:742:3 › browser ESM loader › preserves structured capture stacks in asynchronously spawned ESM processes (954ms)
  ✓  221 [firefox] › tests/esm-loader.spec.mjs:789:3 › browser ESM loader › preserves structured capture stacks in IPC-backed ESM processes (934ms)
  ✓  222 [firefox] › tests/esm-loader.spec.mjs:836:3 › browser ESM loader › exposes the default export of a JSON ESM import (1.6s)
  ✓  223 [firefox] › tests/esm-loader.spec.mjs:853:3 › browser ESM loader › resolves dynamic imports of builtin modules inside ESM (946ms)
  ✓  224 [firefox] › tests/esm-loader.spec.mjs:864:3 › browser ESM loader › does not rewrite import call text inside string literals (929ms)
  ✓  225 [firefox] › tests/esm-loader.spec.mjs:881:3 › browser ESM loader › routes global ESM console errors to the child stderr stream (633ms)
  ✓  226 [firefox] › tests/esm-loader.spec.mjs:892:3 › browser ESM loader › routes deferred eval imports from an ESM module through the virtual loader (662ms)
  ✓  227 [firefox] › tests/esm-loader.spec.mjs:908:3 › browser ESM loader › rewrites minified static imports with no whitespace around from (629ms)
  ✓  228 [firefox] › tests/esm-loader.spec.mjs:924:3 › browser ESM loader › rewrites minified static imports after a closing brace (631ms)
  ✓  229 [firefox] › tests/esm-loader.spec.mjs:940:3 › browser ESM loader › rewrites minified imports in a package-scoped .js ESM module (647ms)
  ✓  230 [firefox] › tests/esm-loader.spec.mjs:957:3 › browser ESM loader › preserves conditional package imports and ESM named exports (718ms)
  ✓  231 [firefox] › tests/esm-loader.spec.mjs:986:3 › browser ESM loader › exposes named exports re-exported through a conditional package entry (777ms)
  ✓  232 [firefox] › tests/esm-loader.spec.mjs:1015:3 › browser ESM loader › rewrites imports after nested template literals in ESM dependencies (1.6s)
  ✓  233 [firefox] › tests/esm-loader.spec.mjs:1045:3 › browser ESM loader › rewrites imports after regex literals following line comments (686ms)
  ✓  234 [firefox] › tests/esm-loader.spec.mjs:1072:3 › browser ESM loader › exposes named exports forwarded by a CommonJS __exportStar helper (655ms)
  ✓  235 [firefox] › tests/esm-loader.spec.mjs:1108:3 › browser ESM loader › exposes named exports from nested CommonJS __exportStar chains (657ms)
  ✓  236 [firefox] › tests/esm-loader.spec.mjs:1147:3 › browser ESM loader › exposes TSESTree from the TypeScript ESLint CommonJS build shape (685ms)
  ✓  237 [firefox] › tests/esm-loader.spec.mjs:1218:3 › browser ESM loader › keeps export-star names available through an ESM cycle (731ms)
  ✓  238 [firefox] › tests/esm-loader.spec.mjs:1250:3 › browser ESM loader › preserves named exports through dynamic conditional ESM imports (991ms)
  ✓  239 [firefox] › tests/esm-loader.spec.mjs:1291:3 › browser ESM loader › runs a forked unknown-extension entry through an async module.register loader hook (967ms)
  ✓  240 [firefox] › tests/esm-loader.spec.mjs:1359:3 › browser ESM loader › passes raw ESM hook source with Node Buffer string semantics (974ms)
  ✓  241 [firefox] › tests/esm-loader.spec.mjs:1394:3 › browser ESM loader › lets an async resolve hook map a missing JavaScript spelling to a source file (945ms)
  ✓  242 [firefox] › tests/esm-loader.spec.mjs:1437:3 › browser ESM loader › loads a cyclic ESM graph without deadlocking URL materialization (1.6s)
  ✓  243 [firefox] › tests/esm-loader.spec.mjs:1454:3 › browser ESM loader › loads hashbang ESM and exposes events.once as a named export (681ms)
DIRECT FETCH RESULT: {
  status: 200,
  text: '\n' +
    '              <!DOCTYPE html>\n' +
    '              <html>\n' +
    '                <head><title>Express in Browser</title></head>\n' +
    '                <body>\n' +
    '                  <h1 id="greeting">Hello from Browser Express!</h1>\n' +
    '                  <p id="status">Running in browser-native Node.js</p>\n' +
    '                  <a href="/__vhost__/3000/api/info?linktest=1">View JSON API</a>\n' +
    '                </body>\n' +
    '              </html>\n' +
    '            ',
  headers: {
    'access-control-allow-origin': '*',
    'access-control-expose-headers': '*',
    'cache-control': 'no-store',
    'content-type': 'text/html; charset=utf-8',
    'cross-origin-embedder-policy': 'require-corp',
    'cross-origin-opener-policy': 'same-origin',
    'cross-origin-resource-policy': 'cross-origin',
    'x-powered-by': 'Browser-Express'
  }
}
PAGE LOG: [JavaScript Warning: "Layout was forced before the page was fully loaded. If stylesheets are not yet loaded this may cause a flash of unstyled content." {file: "debugger eval code line 311 > eval" line: 2}]
PAGE LOG: [JavaScript Error: "Failed to load ‘’. A ServiceWorker intercepted the request and encountered an unexpected error." {file: "http://127.0.0.1:34765/runtime/gateway-sw.js" line: 82}]
HOT EVAL RESULT: { hotOut: '', hotErr: '', hasExpress: true }
PAGE LOG: [JavaScript Warning: "This page is in Quirks Mode. Page layout may be impacted. For Standards Mode use “<!DOCTYPE html>”." {file: "http://127.0.0.1:34765/__vhost__/3000/?_t=1789720637184" line: 0}]
HOT RELOAD DIRECT FETCH: {
  status: 200,
  text: '<h1 id="greeting">Live Hot-Reloaded Express!</h1>'
}
  ✓  244 [firefox] › tests/express-iframe.spec.mjs:81:1 › Real Browser Test: NPM Install Express & Live Iframe Rendering › installs Express into browser VFS, runs HTTP server, and renders in live iframe (1.3s)
  ✓  245 [firefox] › tests/http-compat.spec.mjs:24:3 › browser-native http compatibility › keeps data payload bytes stable when URL query parameters change (676ms)
  ✓  246 [firefox] › tests/http-compat.spec.mjs:34:3 › browser-native http compatibility › supports request/get lifecycle, response metadata, readable bodies, and async iteration (742ms)
  ✓  247 [firefox] › tests/http-compat.spec.mjs:77:3 › browser-native http compatibility › drains concurrent streamed request bodies and resumable responses (743ms)
  ✓  248 [firefox] › tests/http-compat.spec.mjs:122:3 › browser-native http compatibility › routes streamed local HTTP requests through the virtual server before proxy env (732ms)
  ✓  249 [firefox] › tests/http-compat.spec.mjs:178:3 › browser-native http compatibility › flushes implicit headers before a final body on raw net sockets (762ms)
  ✓  250 [firefox] › tests/http-compat.spec.mjs:214:3 › browser-native http compatibility › keeps pipelined raw HTTP requests on a reusable connection (825ms)
  ✓  251 [firefox] › tests/http-compat.spec.mjs:253:3 › browser-native http compatibility › routes IPv6 loopback fetches to the virtual HTTP server (768ms)
  ✓  252 [firefox] › tests/http-compat.spec.mjs:274:3 › browser-native http compatibility › uses Node socket port errors for invalid HTTP listen ports (1.7s)
  ✓  253 [firefox] › tests/http-compat.spec.mjs:286:3 › browser-native http compatibility › rejects a missing HTTP/1.1 Host header before dispatching the request (765ms)
  ✓  254 [firefox] › tests/http-compat.spec.mjs:317:3 › browser-native http compatibility › preserves numeric fetch status and streamed response bodies (742ms)
  ✓  255 [firefox] › tests/http-compat.spec.mjs:352:3 › browser-native http compatibility › preserves status when a piped stream writes after the route returns (709ms)
  ✓  256 [firefox] › tests/http-compat.spec.mjs:383:3 › browser-native http compatibility › destroys the response socket before starting a replacement request (764ms)
  ✓  257 [firefox] › tests/http-compat.spec.mjs:435:3 › browser-native http compatibility › preserves status for an object-mode transform piped as a response (675ms)
  ✓  258 [firefox] › tests/http-compat.spec.mjs:469:3 › browser-native http compatibility › preserves status for a buffered legacy stream piped as a response (690ms)
  ✓  259 [firefox] › tests/http-compat.spec.mjs:546:3 › browser-native http compatibility › preserves status when finished observes a legacy stream send lifecycle (767ms)
  ✓  260 [firefox] › tests/http-compat.spec.mjs:625:3 › browser-native http compatibility › propagates AbortSignal cancellation and exposes virtual server boundaries (725ms)
  ✓  261 [firefox] › tests/http-compat.spec.mjs:649:3 › browser-native http compatibility › maps request timeout to abortable fetch cancellation (1.2s)
  ✓  262 [firefox] › tests/http-compat.spec.mjs:676:3 › browser-native http compatibility › aborting an async piped response permits a replacement request (1.7s)
  ✓  263 [firefox] › tests/missing-primitives.spec.mjs:23:3 › browser runtime missing primitive contracts › loads node:console and writes through Console (675ms)
  ✓  264 [firefox] › tests/missing-primitives.spec.mjs:35:3 › browser runtime missing primitive contracts › loads node:constants with standard OS constants (716ms)
  ✓  265 [firefox] › tests/missing-primitives.spec.mjs:45:3 › browser runtime missing primitive contracts › round-trips values with node:querystring (716ms)
  ✓  266 [firefox] › tests/missing-primitives.spec.mjs:58:3 › browser runtime missing primitive contracts › decodes split UTF-8 code points with node:string_decoder (734ms)
  ✓  267 [firefox] › tests/missing-primitives.spec.mjs:69:3 › browser runtime missing primitive contracts › provides WHATWG streams through node:stream/web (693ms)
  ✓  268 [firefox] › tests/missing-primitives.spec.mjs:96:3 › browser runtime missing primitive contracts › consumes Node streams through node:stream/consumers (676ms)
  ✓  269 [firefox] › tests/missing-primitives.spec.mjs:107:3 › browser runtime missing primitive contracts › exposes predicates through node:util/types (678ms)
  ✓  270 [firefox] › tests/missing-primitives.spec.mjs:125:3 › browser runtime missing primitive contracts › supports fs access for mounted virtual files (751ms)
  ✓  271 [firefox] › tests/missing-primitives.spec.mjs:139:3 › browser runtime missing primitive contracts › copies mounted virtual files with fs copyFile (825ms)
  ✓  272 [firefox] › tests/missing-primitives.spec.mjs:154:3 › browser runtime missing primitive contracts › resolves mounted virtual files with fs realpath (1.6s)
  ✓  273 [firefox] › tests/missing-primitives.spec.mjs:167:3 › browser runtime missing primitive contracts › completes parallel callback fs realpath operations exactly once (814ms)
  ✓  274 [firefox] › tests/missing-primitives.spec.mjs:198:3 › browser runtime missing primitive contracts › does not re-enter callback when an async fs callback throws (724ms)
  ✓  275 [firefox] › tests/missing-primitives.spec.mjs:219:3 › browser runtime missing primitive contracts › truncates mounted virtual files with fs truncate (721ms)
  ✓  276 [firefox] › tests/missing-primitives.spec.mjs:233:3 › browser runtime missing primitive contracts › streams virtual filesystem watch events through async iteration (724ms)
  ✓  277 [firefox] › tests/missing-primitives.spec.mjs:252:3 › browser runtime missing primitive contracts › combines AbortSignal.timeout and AbortSignal.any (689ms)
  ✓  278 [firefox] › tests/missing-primitives.spec.mjs:269:3 › browser runtime missing primitive contracts › keeps an AbortSignal.any timeout race alive and preserves its reason (809ms)
  ✓  279 [firefox] › tests/missing-primitives.spec.mjs:285:3 › browser runtime missing primitive contracts › does not keep the browser process alive for an unobserved timeout signal (761ms)
  ✓  280 [firefox] › tests/missing-primitives.spec.mjs:294:3 › browser runtime missing primitive contracts › cancels timers/promises setTimeout with an AbortSignal (760ms)
  ✓  281 [firefox] › tests/missing-primitives.spec.mjs:307:3 › browser runtime missing primitive contracts › uses Web Crypto through Node-shaped derivation, AES, and signing helpers (842ms)
  ✓  282 [firefox] › tests/nextjs-demo.spec.mjs:94:3 › Next.js 16 App Router browser demo › loads Next.js demo and executes App Router SSR, client navigation, and API routes (1.3m)
  ✓  283 [firefox] › tests/nextjs-swc-selection.spec.mjs:78:3 › Next.js SWC package selection › sequential worker commands retain stdout and stderr after exit and kill (1.2s)
  ✓  284 [firefox] › tests/nextjs-swc-selection.spec.mjs:116:3 › Next.js SWC package selection › Next.js file tracing follows local imports and package dependencies (5.0s)
  ✓  285 [firefox] › tests/nextjs-swc-selection.spec.mjs:140:3 › Next.js SWC package selection › stock Next.js 16 checks WebContainer before loading native SWC (6.6s)
  ✓  286 [firefox] › tests/nextjs-swc-selection.spec.mjs:338:3 › Next.js SWC package selection › runtime npm downloads remain visible to an existing worker thread (6.8s)
  ✓  287 [firefox] › tests/nextjs-swc-selection.spec.mjs:431:3 › Next.js SWC package selection › runtime npm downloads remain visible to a package-script child process (5.4s)
  ✓  288 [firefox] › tests/nextjs-swc-selection.spec.mjs:482:3 › Next.js SWC package selection › runtime npm downloads remain visible to an IPC fork child process (5.7s)
  ✓  289 [firefox] › tests/nextjs-swc-selection.spec.mjs:555:3 › Next.js SWC package selection › fetched Web Streams complete through a VFS WriteStream (1.1s)
  ✓  290 [firefox] › tests/nextjs-swc-selection.spec.mjs:623:3 › Next.js SWC package selection › Next.js Watchpack completes its initial VFS scan (3.6s)
  ✓  291 [firefox] › tests/nextjs-swc-selection.spec.mjs:686:3 › Next.js SWC package selection › isolated worker observes parent VFS writes through fs.watch (653ms)
  ✓  292 [firefox] › tests/nextjs-swc-selection.spec.mjs:733:3 › Next.js SWC package selection › Next.js Watchpack observes a parent VFS file change (6.7s)
  ✓  293 [firefox] › tests/nextjs-swc-selection.spec.mjs:791:3 › Next.js SWC package selection › isolated worker exposes Buffer.byteLength to nested modules (809ms)
  ✓  294 [firefox] › tests/nextjs-swc-selection.spec.mjs:819:3 › Next.js SWC package selection › Next.js 16 dev app route matcher discovers the root page from VFS (3.8s)
  ✓  295 [firefox] › tests/nextjs-swc-selection.spec.mjs:867:3 › Next.js SWC package selection › manifest installs expose TypeScript exactly as Next resolves it (3.8s)
  ✓  296 [firefox] › tests/nextjs-swc-selection.spec.mjs:940:3 › Next.js SWC package selection › stock React DOM renderer preserves request storage while streaming (5.1s)
  ✓  297 [firefox] › tests/nextjs-swc-selection.spec.mjs:1041:3 › Next.js SWC package selection › stock React DOM stream closes a native Web Stream writable (4.9s)
  ✓  298 [firefox] › tests/nextjs-swc-selection.spec.mjs:1089:3 › Next.js SWC package selection › virtual-host previews route WebSocket upgrades through the worker virtual network (1.8s)
  ✓  299 [firefox] › tests/nextjs-swc-selection.spec.mjs:1141:3 › Next.js SWC package selection › worker-isolated HTTP servers share the parent virtual network (650ms)
  ✓  300 [firefox] › tests/nextjs-swc-selection.spec.mjs:1188:3 › Next.js SWC package selection › Web Stream responses complete through the virtual HTTP server (632ms)
  ✓  301 [firefox] › tests/nextjs-swc-selection.spec.mjs:1235:3 › Next.js SWC package selection › settles a shell-backed npm process when its worker is cancelled (591ms)
  ✓  302 [firefox] › tests/node-test-loader-boundaries.spec.mjs:7:3 › Node test loader host-only boundaries › loads test-assert.js without traversing common/child_process.js (2.2s)
  ✓  303 [firefox] › tests/node-test-loader-boundaries.spec.mjs:58:3 › Node test loader host-only boundaries › turns subprocess and raw-network calls into explicit browser boundary errors (809ms)
  ✓  304 [firefox] › tests/node-test.spec.mjs:7:3 › browser-native node:test builtin › runs a synchronous passing test (610ms)
  ✓  305 [firefox] › tests/node-test.spec.mjs:20:3 › browser-native node:test builtin › supports configuring node:test snapshot hooks (644ms)
  ✓  306 [firefox] › tests/node-test.spec.mjs:33:3 › browser-native node:test builtin › preserves literal backticks in node:test snapshots (665ms)
  ✓  307 [firefox] › tests/node-test.spec.mjs:49:3 › browser-native node:test builtin › sets exitCode and writes stderr for a synchronous assertion failure (644ms)
  ✓  308 [firefox] › tests/node-test.spec.mjs:64:3 › browser-native node:test builtin › waits for an asynchronous test to complete (704ms)
  ✓  309 [firefox] › tests/node-test.spec.mjs:80:3 › browser-native node:test builtin › preserves the standard async function constructor identity (646ms)
  ✓  310 [firefox] › tests/node-test.spec.mjs:91:3 › browser-native node:test builtin › keeps process stdout writable when a reporter pipes into it (631ms)
  ✓  311 [firefox] › tests/node-test.spec.mjs:101:3 › browser-native node:test builtin › does not execute skipped or todo test callbacks (639ms)
  ✓  312 [firefox] › tests/node-test.spec.mjs:117:3 › browser-native node:test builtin › waits for suite hooks registered during the suite definition (2.3s)
  ✓  313 [firefox] › tests/node-test.spec.mjs:135:3 › browser-native node:test builtin › run loads test files and emits the standard test stream events (808ms)
  ✓  314 [firefox] › tests/node-test.spec.mjs:191:3 › browser-native node:test builtin › enforces the node:test run timeout and closes its result stream (708ms)
  ✓  315 [firefox] › tests/node-test.spec.mjs:230:3 › browser-native node:test builtin › pipes an async-generator node:test reporter into process stdout (657ms)
  ✓  316 [firefox] › tests/node-test.spec.mjs:262:3 › browser-native node:test builtin › completes an async-generator composition after an object stream terminal (680ms)
  ✓  317 [firefox] › tests/node-test.spec.mjs:291:3 › browser-native node:test builtin › observes a Web Stream with finished without stealing its reader (671ms)
  ✓  318 [firefox] › tests/node-test.spec.mjs:324:3 › browser-native node:test builtin › preserves non-consuming finished semantics in a nested Node child (873ms)
  ✓  319 [firefox] › tests/node-test.spec.mjs:369:3 › browser-native node:test builtin › shares node:test state across an ESM runner and imported ESM test files (658ms)
  ✓  320 [firefox] › tests/node-test.spec.mjs:407:3 › browser-native node:test builtin › preserves generic runner discovery state through a child terminal result (642ms)
  ✓  321 [firefox] › tests/node-test.spec.mjs:431:3 › browser-native node:test builtin › runs root hooks when an ESM runner discovers a CommonJS test file (657ms)
  ✓  322 [firefox] › tests/node-test.spec.mjs:462:3 › browser-native node:test builtin › runs asynchronous CommonJS root hooks through a required helper module (2.3s)
  ✓  323 [firefox] › tests/node-test.spec.mjs:500:3 › browser-native node:test builtin › waits for all discovered files before running registered tests (821ms)
  ✓  324 [firefox] › tests/node-test.spec.mjs:536:3 › browser-native node:test builtin › isolates root hooks between files discovered by node:test.run (663ms)
  ✓  325 [firefox] › tests/npm-install.spec.mjs:10:3 › In-Browser TAR & NPM Package Management › packTar and unpackTar handles files, directories and path prefixes (3ms)
  ✓  326 [firefox] › tests/npm-install.spec.mjs:34:3 › In-Browser TAR & NPM Package Management › packTarGz and unpackTarGz compresses and decompresses archive (12ms)
  ✓  327 [firefox] › tests/npm-install.spec.mjs:49:3 › In-Browser TAR & NPM Package Management › pipeline accepts writable streams without Node stream state (4ms)
  ✓  328 [firefox] › tests/npm-install.spec.mjs:64:3 › In-Browser TAR & NPM Package Management › VFS accepts numeric open flags used by fs-minipass and tar (3ms)
  ✓  329 [firefox] › tests/npm-install.spec.mjs:72:3 › In-Browser TAR & NPM Package Management › VFS enforces chmod write permissions on existing files (27ms)
  ✓  330 [firefox] › tests/npm-install.spec.mjs:81:3 › In-Browser TAR & NPM Package Management › VFS opens read-only directories for fd metadata consumers (1ms)
  ✓  331 [firefox] › tests/npm-install.spec.mjs:89:3 › In-Browser TAR & NPM Package Management › semver utilities parse and match version specs (8ms)
  ✓  332 [firefox] › tests/npm-install.spec.mjs:108:3 › In-Browser TAR & NPM Package Management › BrowserNpm requests scoped registry metadata with an unescaped scope separator (1ms)
  ✓  333 [firefox] › tests/npm-install.spec.mjs:130:3 › In-Browser TAR & NPM Package Management › fetches the complete version manifest after compact registry metadata (1ms)
  ✓  334 [firefox] › tests/npm-install.spec.mjs:173:3 › In-Browser TAR & NPM Package Management › BrowserNpm resolves npm aliases using the target metadata while preserving the alias location (8ms)
  ✓  335 [firefox] › tests/npm-install.spec.mjs:227:3 › In-Browser TAR & NPM Package Management › uses the package-root manifest when an installed tarball contains nested manifests (4ms)
  ✓  336 [firefox] › tests/npm-install.spec.mjs:282:3 › In-Browser TAR & NPM Package Management › BrowserNpm installs packages into VFS and module-loader requires them (8ms)
  ✓  337 [firefox] › tests/npm-install.spec.mjs:350:3 › In-Browser TAR & NPM Package Management › BrowserNpm launches an installed ESM bin through its generated shim (17ms)
  ✓  338 [firefox] › tests/npm-install.spec.mjs:394:3 › In-Browser TAR & NPM Package Management › module-loader preserves named exports from an installed ESM package (7ms)
  ✓  339 [firefox] › tests/npm-install.spec.mjs:433:3 › In-Browser TAR & NPM Package Management › creates ESM-compatible shims for ESM package bin entries (2ms)
  ✓  340 [firefox] › tests/npm-install.spec.mjs:466:3 › In-Browser TAR & NPM Package Management › installs peer dependencies and exposes their bin shims (4ms)
  ✓  341 [firefox] › tests/npm-install.spec.mjs:517:3 › In-Browser TAR & NPM Package Management › does not auto-install optional peer dependencies (4ms)
  ✓  342 [firefox] › tests/npm-install.spec.mjs:568:3 › In-Browser TAR & NPM Package Management › installs browser-compatible wasm32 optional dependencies (3ms)
  ✓  343 [firefox] › tests/npm-install.spec.mjs:621:3 › In-Browser TAR & NPM Package Management › BrowserNpm nests incompatible concurrent dependency versions (6ms)
  ✓  344 [firefox] › tests/npm-install.spec.mjs:682:3 › In-Browser TAR & NPM Package Management › prefers direct dependency constraints over broad peer ranges when hoisting (3ms)
  ✓  345 [firefox] › tests/npm-install.spec.mjs:731:3 › In-Browser TAR & NPM Package Management › honors lockfile nested dependency placement when a compatible peer is also queued (4ms)
  ✓  346 [firefox] › tests/npm-install.spec.mjs:788:3 › In-Browser TAR & NPM Package Management › BrowserNpmCache saves, retrieves, and clears metadata and tarballs (2ms)
  ✓  347 [firefox] › tests/npm-install.spec.mjs:815:3 › In-Browser TAR & NPM Package Management › BrowserNpmCache can clear memory without deleting persistent cache records (1ms)
  ✓  348 [firefox] › tests/npm-install.spec.mjs:827:3 › In-Browser TAR & NPM Package Management › BrowserNpm installs from custom/live registry and leverages BrowserNpmCache (4ms)
  ✓  349 [firefox] › tests/path-relative.spec.mjs:7:3 › browser runtime node:path relative › computes equal and nested POSIX paths (635ms)
  ✓  350 [firefox] › tests/path-relative.spec.mjs:27:3 › browser runtime node:path relative › preserves trailing separators while normalizing POSIX paths (669ms)
  ✓  351 [firefox] › tests/path-relative.spec.mjs:41:3 › browser runtime node:path relative › computes equal and nested Windows paths (658ms)
  ✓  352 [firefox] › tests/perf-compat.spec.mjs:18:3 › browser Node v22 performance compatibility › exposes browser performance entries and Node-shaped observer lists (696ms)
  ✓  353 [firefox] › tests/perf-compat.spec.mjs:81:3 › browser Node v22 performance compatibility › timerifies sync functions into observable browser-safe function entries (662ms)
  ✓  354 [firefox] › tests/perf-compat.spec.mjs:117:3 › browser Node v22 performance compatibility › provides monotonic process helpers and deterministic virtual metrics (674ms)
  ✓  355 [firefox] › tests/platform-primitives.spec.mjs:16:3 › browser runtime platform primitives › provides deterministic browser-native node:os methods and constants (614ms)
  ✓  356 [firefox] › tests/platform-primitives.spec.mjs:51:3 › browser runtime platform primitives › provides Buffer, crypto, path, URL, and file URL behavior (2.4s)
  ✓  357 [firefox] › tests/platform-primitives.spec.mjs:78:3 › browser runtime platform primitives › provides diagnostics channels, async context, compression, and WebAssembly (824ms)
  ✓  358 [firefox] › tests/platform-primitives.spec.mjs:117:3 › browser runtime platform primitives › loads core zlib WASM from the shared runtime asset path (644ms)
  ✓  359 [firefox] › tests/platform-primitives.spec.mjs:131:3 › browser runtime platform primitives › streams gzip output incrementally through the browser compression stream (2.9s)
  ✓  360 [firefox] › tests/platform-primitives.spec.mjs:194:3 › browser runtime platform primitives › loads the WASI-linked Brotli codec and round trips native zlib calls (755ms)
  ✓  361 [firefox] › tests/platform-primitives.spec.mjs:209:3 › browser runtime platform primitives › reports browser-only boundaries without invoking host subprocesses (645ms)
  ✓  362 [firefox] › tests/process-metadata.spec.mjs:7:3 › browser Node process metadata › exposes the metadata required by test/common/index.js without host-process capabilities (647ms)
  ✓  363 [firefox] › tests/process-metadata.spec.mjs:43:3 › browser Node process metadata › keeps the owning process environment in CommonJS callbacks (659ms)
  ✓  364 [firefox] › tests/process-umask.spec.mjs:8:3 › browser Node process umask › is browser-local and preserves Node umask semantics (647ms)
  ✓  365 [firefox] › tests/process-umask.spec.mjs:25:3 › browser Node process umask › exposes browser-local uid/gid and high-bit umask semantics (664ms)
  ✓  366 [firefox] › tests/storage-compat.spec.mjs:11:3 › browser-native storage capability adapters › feature detection matches the browser objects without invoking them (1.8s)
  ✓  367 [firefox] › tests/storage-compat.spec.mjs:48:3 › browser-native storage capability adapters › missing browser APIs produce explicit unsupported capability errors (537ms)
  ✓  368 [firefox] › tests/storage-compat.spec.mjs:125:3 › browser-native storage capability adapters › memory fallback is opt-in and isolated from native storage (409ms)
  ✓  369 [firefox] › tests/typescript-demo.spec.mjs:94:3 › TypeScript multi-compiler browser demo › loads TypeScript demo and executes Node 22, Vite, and tsc compilation pipelines (15.2s)
  ✓  370 [firefox] › tests/vite-react-demo.spec.mjs:122:3 › Vite + React browser demo › runs React libraries in dev and production modes with virtual and hash navigation (3.7s)
  ✓  371 [firefox] › tests/vm-compat.spec.mjs:7:3 › browser-native node:vm builtin › creates assert-compatible SyntaxErrors in a context and runs new contexts (616ms)
  ✓  372 [firefox] › tests/vm-compat.spec.mjs:31:3 › browser-native node:vm builtin › exposes own intrinsic globals to legacy child module loaders (657ms)
  ✓  373 [firefox] › tests/vm-compat.spec.mjs:67:3 › browser-native node:vm builtin › uses a distinct browser realm for context constructors and Web Crypto inputs (642ms)
  ✓  374 [firefox] › tests/vm-compat.spec.mjs:114:3 › browser-native node:vm builtin › preserves structured Error.captureStackTrace inside a context realm (675ms)
  ✓  375 [firefox] › tests/vm-compat.spec.mjs:133:3 › browser-native node:vm builtin › normalizes browser regex recursion errors to Node RangeErrors (702ms)
  ✓  376 [firefox] › tests/vm-compat.spec.mjs:156:3 › browser-native node:vm builtin › honors vm.Script filename in evaluated callsites (2.1s)

  376 passed (9.6m)
